i2c-lcd.c:75:6:SendCommand	16	static
i2c-lcd.c:80:6:SendChar	16	static
i2c-lcd.c:85:6:Send	24	static
i2c-lcd.c:93:6:Write4Bits	16	static
i2c-lcd.c:99:6:ExpanderWrite	32	static
i2c-lcd.c:105:6:PulseEnable	16	static
i2c-lcd.c:114:6:DelayInit	4	static,ignoring_inline_asm
i2c-lcd.c:130:6:DelayUS	32	static
i2c-lcd.c:141:6:HD44780_Init	16	static
i2c-lcd.c:180:6:HD44780_Clear	8	static
i2c-lcd.c:186:6:HD44780_Home	8	static
i2c-lcd.c:192:6:HD44780_SetCursor	40	static
i2c-lcd.c:202:6:HD44780_NoDisplay	8	static
i2c-lcd.c:208:6:HD44780_Display	8	static
i2c-lcd.c:214:6:HD44780_NoCursor	8	static
i2c-lcd.c:220:6:HD44780_Cursor	8	static
i2c-lcd.c:226:6:HD44780_NoBlink	8	static
i2c-lcd.c:232:6:HD44780_Blink	8	static
i2c-lcd.c:238:6:HD44780_ScrollDisplayLeft	8	static
i2c-lcd.c:243:6:HD44780_ScrollDisplayRight	8	static
i2c-lcd.c:248:6:HD44780_LeftToRight	8	static
i2c-lcd.c:254:6:HD44780_RightToLeft	8	static
i2c-lcd.c:260:6:HD44780_AutoScroll	8	static
i2c-lcd.c:266:6:HD44780_NoAutoScroll	8	static
i2c-lcd.c:272:6:HD44780_CreateSpecialChar	24	static
i2c-lcd.c:282:6:HD44780_PrintSpecialChar	16	static
i2c-lcd.c:287:6:HD44780_LoadCustomCharacter	16	static
i2c-lcd.c:292:6:HD44780_PrintStr	16	static
i2c-lcd.c:299:6:HD44780_SetBacklight	16	static
i2c-lcd.c:305:6:HD44780_NoBacklight	8	static
i2c-lcd.c:311:6:HD44780_Backlight	8	static
i2c-lcd.c:333:6:Enable_Internal_Pullups	32	static
i2c-lcd.c:351:6:LCD_ForceReset	16	static
i2c-lcd.c:381:6:LCD_ShowWelcome	40	static
i2c-lcd.c:407:6:render_dashboard	96	static
i2c-lcd.c:465:6:render_menu	48	static
i2c-lcd.c:505:6:render_test_menu	48	static
i2c-lcd.c:537:6:render_config_select	48	static
i2c-lcd.c:569:6:render_config_global	72	static
i2c-lcd.c:618:6:render_config_edit	96	static
i2c-lcd.c:684:6:render_config_time	88	static
i2c-lcd.c:732:6:clear_LCD	8	static
i2c-lcd.c:747:6:update_display	8	static
i2c-lcd.c:775:6:recover_lcd	8	static
i2c-lcd.c:808:6:I2C_Scan	128	static
