main.c:109:6:StartMenuTask	72	static
main.c:411:6:StartDebounceTask	40	static
main.c:509:6:StartMotorTask	32	static
main.c:572:6:StartControlTask	40	static
main.c:707:6:StartSensorTask	24	static
main.c:725:5:main	56	static
main.c:814:6:SystemClock_Config	88	static
main.c:860:13:MX_I2C1_Init	8	static
main.c:894:13:MX_TIM12_Init	24	static
main.c:932:13:MX_USART2_UART_Init	8	static
main.c:965:13:MX_USART3_UART_Init	8	static
main.c:998:13:MX_GPIO_Init	48	static
main.c:1069:6:vApplicationStackOverflowHook	16	static
main.c:1090:6:HAL_GPIO_EXTI_Callback	48	static
main.c:1185:6:StartDefaultTask	16	static
main.c:1204:6:HAL_TIM_PeriodElapsedCallback	16	static
main.c:1221:6:Error_Handler	4	static,ignoring_inline_asm
