main.c:203:6:Enable_Internal_Pullups	32	static
main.c:214:6:recover_lcd	8	static
main.c:225:6:I2C_Scan	128	static
main.c:243:6:Load_Config_From_Flash	16	static
main.c:274:6:Save_Config_To_Flash	48	static
main.c:310:9:Get_Current_Day	24	static
main.c:318:6:Get_Active_Targets	32	static
main.c:339:6:toggle_output	16	static
main.c:347:6:render_dashboard	80	static
main.c:378:6:render_menu	64	static
main.c:395:6:render_test_menu	48	static
main.c:412:6:render_config_edit	72	static
main.c:442:6:update_display	8	static
main.c:462:5:main	144	static
main.c:556:6:SystemClock_Config	88	static
main.c:590:13:MX_I2C1_Init	8	static
main.c:607:13:MX_USART2_UART_Init	8	static
main.c:623:13:MX_GPIO_Init	48	static
main.c:695:6:vApplicationStackOverflowHook	16	static
main.c:704:6:HAL_GPIO_EXTI_Callback	48	static
main.c:749:6:StartMenuTask	96	static
main.c:921:6:StartDebounceTask	32	static
main.c:963:6:StartMotorTask	24	static
main.c:978:6:StartControlTask	40	static
main.c:1072:6:HAL_TIM_PeriodElapsedCallback	16	static
main.c:1079:6:Error_Handler	4	static,ignoring_inline_asm
