rele.c:6:6:RELES_Init	8	static
rele.c:14:6:RELES_EncenderTodos	8	static
rele.c:21:6:RELES_ApagarTodos	8	static
rele.c:29:6:RELES_ToggleTodos	8	static
rele.c:37:6:encender_buzzer	8	static
rele.c:42:6:apagar_buzzer	8	static
rele.c:47:9:estado_buzzer	8	static
rele.c:52:6:encender_humidificador	8	static
rele.c:56:6:apagar_humidificador	8	static
rele.c:60:9:estado_humidificador	8	static
rele.c:65:6:encender_lampara	8	static
rele.c:69:6:apagar_lampara	8	static
rele.c:73:9:estado_lampara	8	static
rele.c:78:6:encender_cooler	8	static
rele.c:83:6:apagar_cooler	8	static
rele.c:87:9:estado_cooler	8	static
rele.c:92:6:encender_motor	8	static
rele.c:97:6:apagar_motor	8	static
rele.c:101:9:estado_motor	8	static
