main.c:203:6:Enable_Internal_Pullups	32	static
main.c:214:6:recover_lcd	8	static
main.c:225:6:I2C_Scan	128	static
main.c:243:6:Load_Config_From_Flash	16	static
main.c:274:6:Save_Config_To_Flash	48	static
main.c:310:9:Get_Current_Day	24	static
main.c:318:6:Get_Active_Targets	32	static
main.c:338:6:toggle_output	16	static
main.c:346:6:render_dashboard	80	static
main.c:377:6:render_menu	64	static
main.c:394:6:render_test_menu	48	static
main.c:411:6:render_config_edit	72	static
main.c:441:6:update_display	8	static
main.c:461:5:main	144	static
main.c:555:6:SystemClock_Config	88	static
main.c:589:13:MX_I2C1_Init	8	static
main.c:606:13:MX_USART2_UART_Init	8	static
main.c:622:13:MX_GPIO_Init	48	static
main.c:694:6:vApplicationStackOverflowHook	16	static
main.c:703:6:HAL_GPIO_EXTI_Callback	48	static
main.c:748:6:StartMenuTask	96	static
main.c:920:6:StartDebounceTask	32	static
main.c:962:6:StartMotorTask	24	static
main.c:977:6:StartControlTask	40	static
main.c:1071:6:HAL_TIM_PeriodElapsedCallback	16	static
main.c:1078:6:Error_Handler	4	static,ignoring_inline_asm
