Archive member included to satisfy reference by file (symbol)

c:/st/stm32cubeide_1.6.1/stm32cubeide/plugins/com.st.stm32cube.ide.mcu.externaltools.gnu-tools-for-stm32.9-2020-q2-update.win32_1.5.0.202011040924/tools/bin/../lib/gcc/arm-none-eabi/9.3.1/../../../../arm-none-eabi/lib/thumb/v7e-m+fp/hard\libc_nano.a(lib_a-errno.o)
                              Core/Src/syscalls.o (__errno)
c:/st/stm32cubeide_1.6.1/stm32cubeide/plugins/com.st.stm32cube.ide.mcu.externaltools.gnu-tools-for-stm32.9-2020-q2-update.win32_1.5.0.202011040924/tools/bin/../lib/gcc/arm-none-eabi/9.3.1/../../../../arm-none-eabi/lib/thumb/v7e-m+fp/hard\libc_nano.a(lib_a-exit.o)
                              c:/st/stm32cubeide_1.6.1/stm32cubeide/plugins/com.st.stm32cube.ide.mcu.externaltools.gnu-tools-for-stm32.9-2020-q2-update.win32_1.5.0.202011040924/tools/bin/../lib/gcc/arm-none-eabi/9.3.1/../../../../arm-none-eabi/lib/thumb/v7e-m+fp/hard/crt0.o (exit)
c:/st/stm32cubeide_1.6.1/stm32cubeide/plugins/com.st.stm32cube.ide.mcu.externaltools.gnu-tools-for-stm32.9-2020-q2-update.win32_1.5.0.202011040924/tools/bin/../lib/gcc/arm-none-eabi/9.3.1/../../../../arm-none-eabi/lib/thumb/v7e-m+fp/hard\libc_nano.a(lib_a-findfp.o)
                              Middlewares/Third_Party/FreeRTOS/Source/tasks.o (__sf_fake_stderr)
c:/st/stm32cubeide_1.6.1/stm32cubeide/plugins/com.st.stm32cube.ide.mcu.externaltools.gnu-tools-for-stm32.9-2020-q2-update.win32_1.5.0.202011040924/tools/bin/../lib/gcc/arm-none-eabi/9.3.1/../../../../arm-none-eabi/lib/thumb/v7e-m+fp/hard\libc_nano.a(lib_a-fwalk.o)
                              c:/st/stm32cubeide_1.6.1/stm32cubeide/plugins/com.st.stm32cube.ide.mcu.externaltools.gnu-tools-for-stm32.9-2020-q2-update.win32_1.5.0.202011040924/tools/bin/../lib/gcc/arm-none-eabi/9.3.1/../../../../arm-none-eabi/lib/thumb/v7e-m+fp/hard\libc_nano.a(lib_a-findfp.o) (_fwalk)
c:/st/stm32cubeide_1.6.1/stm32cubeide/plugins/com.st.stm32cube.ide.mcu.externaltools.gnu-tools-for-stm32.9-2020-q2-update.win32_1.5.0.202011040924/tools/bin/../lib/gcc/arm-none-eabi/9.3.1/../../../../arm-none-eabi/lib/thumb/v7e-m+fp/hard\libc_nano.a(lib_a-impure.o)
                              c:/st/stm32cubeide_1.6.1/stm32cubeide/plugins/com.st.stm32cube.ide.mcu.externaltools.gnu-tools-for-stm32.9-2020-q2-update.win32_1.5.0.202011040924/tools/bin/../lib/gcc/arm-none-eabi/9.3.1/../../../../arm-none-eabi/lib/thumb/v7e-m+fp/hard\libc_nano.a(lib_a-exit.o) (_global_impure_ptr)
c:/st/stm32cubeide_1.6.1/stm32cubeide/plugins/com.st.stm32cube.ide.mcu.externaltools.gnu-tools-for-stm32.9-2020-q2-update.win32_1.5.0.202011040924/tools/bin/../lib/gcc/arm-none-eabi/9.3.1/../../../../arm-none-eabi/lib/thumb/v7e-m+fp/hard\libc_nano.a(lib_a-init.o)
                              c:/st/stm32cubeide_1.6.1/stm32cubeide/plugins/com.st.stm32cube.ide.mcu.externaltools.gnu-tools-for-stm32.9-2020-q2-update.win32_1.5.0.202011040924/tools/bin/../lib/gcc/arm-none-eabi/9.3.1/../../../../arm-none-eabi/lib/thumb/v7e-m+fp/hard/crt0.o (__libc_init_array)
c:/st/stm32cubeide_1.6.1/stm32cubeide/plugins/com.st.stm32cube.ide.mcu.externaltools.gnu-tools-for-stm32.9-2020-q2-update.win32_1.5.0.202011040924/tools/bin/../lib/gcc/arm-none-eabi/9.3.1/../../../../arm-none-eabi/lib/thumb/v7e-m+fp/hard\libc_nano.a(lib_a-lock.o)
                              c:/st/stm32cubeide_1.6.1/stm32cubeide/plugins/com.st.stm32cube.ide.mcu.externaltools.gnu-tools-for-stm32.9-2020-q2-update.win32_1.5.0.202011040924/tools/bin/../lib/gcc/arm-none-eabi/9.3.1/../../../../arm-none-eabi/lib/thumb/v7e-m+fp/hard\libc_nano.a(lib_a-findfp.o) (__retarget_lock_init_recursive)
c:/st/stm32cubeide_1.6.1/stm32cubeide/plugins/com.st.stm32cube.ide.mcu.externaltools.gnu-tools-for-stm32.9-2020-q2-update.win32_1.5.0.202011040924/tools/bin/../lib/gcc/arm-none-eabi/9.3.1/../../../../arm-none-eabi/lib/thumb/v7e-m+fp/hard\libc_nano.a(lib_a-memcpy-stub.o)
                              Core/Src/eeprom.o (memcpy)
c:/st/stm32cubeide_1.6.1/stm32cubeide/plugins/com.st.stm32cube.ide.mcu.externaltools.gnu-tools-for-stm32.9-2020-q2-update.win32_1.5.0.202011040924/tools/bin/../lib/gcc/arm-none-eabi/9.3.1/../../../../arm-none-eabi/lib/thumb/v7e-m+fp/hard\libc_nano.a(lib_a-memset.o)
                              c:/st/stm32cubeide_1.6.1/stm32cubeide/plugins/com.st.stm32cube.ide.mcu.externaltools.gnu-tools-for-stm32.9-2020-q2-update.win32_1.5.0.202011040924/tools/bin/../lib/gcc/arm-none-eabi/9.3.1/../../../../arm-none-eabi/lib/thumb/v7e-m+fp/hard/crt0.o (memset)
c:/st/stm32cubeide_1.6.1/stm32cubeide/plugins/com.st.stm32cube.ide.mcu.externaltools.gnu-tools-for-stm32.9-2020-q2-update.win32_1.5.0.202011040924/tools/bin/../lib/gcc/arm-none-eabi/9.3.1/../../../../arm-none-eabi/lib/thumb/v7e-m+fp/hard\libc_nano.a(lib_a-nano-mallocr.o)
[...]
Memory Configuration

Name             Origin             Length             Attributes
RAM              0x0000000020000000 0x0000000000020000 xrw
FLASH            0x0000000008000000 0x0000000000080000 xr
*default*        0x0000000000000000 0xffffffffffffffff

Linker script and memory map

LOAD c:/st/stm32cubeide_1.6.1/stm32cubeide/plugins/com.st.stm32cube.ide.mcu.externaltools.gnu-tools-for-stm32.9-2020-q2-update.win32_1.5.0.202011040924/tools/bin/../lib/gcc/arm-none-eabi/9.3.1/thumb/v7e-m+fp/hard/crti.o
LOAD c:/st/stm32cubeide_1.6.1/stm32cubeide/plugins/com.st.stm32cube.ide.mcu.externaltools.gnu-tools-for-stm32.9-2020-q2-update.win32_1.5.0.202011040924/tools/bin/../lib/gcc/arm-none-eabi/9.3.1/thumb/v7e-m+fp/hard/crtbegin.o
LOAD c:/st/stm32cubeide_1.6.1/stm32cubeide/plugins/com.st.stm32cube.ide.mcu.externaltools.gnu-tools-for-stm32.9-2020-q2-update.win32_1.5.0.202011040924/tools/bin/../lib/gcc/arm-none-eabi/9.3.1/../../../../arm-none-eabi/lib/thumb/v7e-m+fp/hard/crt0.o
LOAD Core/Src/dht11.o
LOAD Core/Src/eeprom.o
LOAD Core/Src/freertos.o
LOAD Core/Src/i2c-lcd.o
LOAD Core/Src/logica.o
LOAD Core/Src/main.o
LOAD Core/Src/rele.o
LOAD Core/Src/stm32f4xx_hal_msp.o
LOAD Core/Src/stm32f4xx_hal_timebase_tim.o
LOAD Core/Src/stm32f4xx_it.o
LOAD Core/Src/syscalls.o
LOAD Core/Src/sysmem.o
LOAD Core/Src/system_stm32f4xx.o
LOAD Core/Src/utils.o
LOAD Core/Startup/startup_stm32f446retx.o
LOAD Drivers/STM32F4xx_HAL_Driver/Src/stm32f4xx_hal.o
LOAD Drivers/STM32F4xx_HAL_Driver/Src/stm32f4xx_hal_cortex.o
LOAD Drivers/STM32F4xx_HAL_Driver/Src/stm32f4xx_hal_dma.o
LOAD Drivers/STM32F4xx_HAL_Driver/Src/stm32f4xx_hal_dma_ex.o
LOAD Drivers/STM32F4xx_HAL_Driver/Src/stm32f4xx_hal_exti.o
LOAD Drivers/STM32F4xx_HAL_Driver/Src/stm32f4xx_hal_flash.o
LOAD Drivers/STM32F4xx_HAL_Driver/Src/stm32f4xx_hal_flash_ex.o
LOAD Drivers/STM32F4xx_HAL_Driver/Src/stm32f4xx_hal_flash_ramfunc.o
LOAD Drivers/STM32F4xx_HAL_Driver/Src/stm32f4xx_hal_gpio.o
LOAD Drivers/STM32F4xx_HAL_Driver/Src/stm32f4xx_hal_i2c.o
LOAD Drivers/STM32F4xx_HAL_Driver/Src/stm32f4xx_hal_i2c_ex.o
LOAD Drivers/STM32F4xx_HAL_Driver/Src/stm32f4xx_hal_pwr.o
LOAD Drivers/STM32F4xx_HAL_Driver/Src/stm32f4xx_hal_pwr_ex.o
LOAD Drivers/STM32F4xx_HAL_Driver/Src/stm32f4xx_hal_rcc.o
LOAD Drivers/STM32F4xx_HAL_Driver/Src/stm32f4xx_hal_rcc_ex.o
LOAD Drivers/STM32F4xx_HAL_Driver/Src/stm32f4xx_hal_tim.o
LOAD Drivers/STM32F4xx_HAL_Driver/Src/stm32f4xx_hal_tim_ex.o
LOAD Drivers/STM32F4xx_HAL_Driver/Src/stm32f4xx_hal_uart.o
LOAD Middlewares/Third_Party/FreeRTOS/Source/CMSIS_RTOS/cmsis_os.o
LOAD Middlewares/Third_Party/FreeRTOS/Source/croutine.o
LOAD Middlewares/Third_Party/FreeRTOS/Source/event_groups.o
LOAD Middlewares/Third_Party/FreeRTOS/Source/list.o
LOAD Middlewares/Third_Party/FreeRTOS/Source/queue.o
LOAD Middlewares/Third_Party/FreeRTOS/Source/stream_buffer.o
LOAD Middlewares/Third_Party/FreeRTOS/Source/tasks.o
LOAD Middlewares/Third_Party/FreeRTOS/Source/timers.o
LOAD Middlewares/Third_Party/FreeRTOS/Source/portable/GCC/ARM_CM4F/port.o
LOAD Middlewares/Third_Party/FreeRTOS/Source/portable/MemMang/heap_4.o
START GROUP
LOAD c:/st/stm32cubeide_1.6.1/stm32cubeide/plugins/com.st.stm32cube.ide.mcu.externaltools.gnu-tools-for-stm32.9-2020-q2-update.win32_1.5.0.202011040924/tools/bin/../lib/gcc/arm-none-eabi/9.3.1/../../../../arm-none-eabi/lib/thumb/v7e-m+fp/hard\libc_nano.a
LOAD c:/st/stm32cubeide_1.6.1/stm32cubeide/plugins/com.st.stm32cube.ide.mcu.externaltools.gnu-tools-for-stm32.9-2020-q2-update.win32_1.5.0.202011040924/tools/bin/../lib/gcc/arm-none-eabi/9.3.1/../../../../arm-none-eabi/lib/thumb/v7e-m+fp/hard\libm.a
END GROUP
START GROUP
LOAD c:/st/stm32cubeide_1.6.1/stm32cubeide/plugins/com.st.stm32cube.ide.mcu.externaltools.gnu-tools-for-stm32.9-2020-q2-update.win32_1.5.0.202011040924/tools/bin/../lib/gcc/arm-none-eabi/9.3.1/thumb/v7e-m+fp/hard\libgcc.a
LOAD c:/st/stm32cubeide_1.6.1/stm32cubeide/plugins/com.st.stm32cube.ide.mcu.externaltools.gnu-tools-for-stm32.9-2020-q2-update.win32_1.5.0.202011040924/tools/bin/../lib/gcc/arm-none-eabi/9.3.1/../../../../arm-none-eabi/lib/thumb/v7e-m+fp/hard\libc_nano.a
END GROUP
START GROUP
LOAD c:/st/stm32cubeide_1.6.1/stm32cubeide/plugins/com.st.stm32cube.ide.mcu.externaltools.gnu-tools-for-stm32.9-2020-q2-update.win32_1.5.0.202011040924/tools/bin/../lib/gcc/arm-none-eabi/9.3.1/thumb/v7e-m+fp/hard\libgcc.a
LOAD c:/st/stm32cubeide_1.6.1/stm32cubeide/plugins/com.st.stm32cube.ide.mcu.externaltools.gnu-tools-for-stm32.9-2020-q2-update.win32_1.5.0.202011040924/tools/bin/../lib/gcc/arm-none-eabi/9.3.1/../../../../arm-none-eabi/lib/thumb/v7e-m+fp/hard\libc_nano.a
LOAD c:/st/stm32cubeide_1.6.1/stm32cubeide/plugins/com.st.stm32cube.ide.mcu.externaltools.gnu-tools-for-stm32.9-2020-q2-update.win32_1.5.0.202011040924/tools/bin/../lib/gcc/arm-none-eabi/9.3.1/../../../../arm-none-eabi/lib/thumb/v7e-m+fp/hard\libnosys.a
END GROUP
START GROUP
LOAD c:/st/stm32cubeide_1.6.1/stm32cubeide/plugins/com.st.stm32cube.ide.mcu.externaltools.gnu-tools-for-stm32.9-2020-q2-update.win32_1.5.0.202011040924/tools/bin/../lib/gcc/arm-none-eabi/9.3.1/thumb/v7e-m+fp/hard\libgcc.a
LOAD c:/st/stm32cubeide_1.6.1/stm32cubeide/plugins/com.st.stm32cube.ide.mcu.externaltools.gnu-tools-for-stm32.9-2020-q2-update.win32_1.5.0.202011040924/tools/bin/../lib/gcc/arm-none-eabi/9.3.1/../../../../arm-none-eabi/lib/thumb/v7e-m+fp/hard\libc_nano.a
LOAD c:/st/stm32cubeide_1.6.1/stm32cubeide/plugins/com.st.stm32cube.ide.mcu.externaltools.gnu-tools-for-stm32.9-2020-q2-update.win32_1.5.0.202011040924/tools/bin/../lib/gcc/arm-none-eabi/9.3.1/../../../../arm-none-eabi/lib/thumb/v7e-m+fp/hard\libnosys.a
END GROUP
LOAD c:/st/stm32cubeide_1.6.1/stm32cubeide/plugins/com.st.stm32cube.ide.mcu.externaltools.gnu-tools-for-stm32.9-2020-q2-update.win32_1.5.0.202011040924/tools/bin/../lib/gcc/arm-none-eabi/9.3.1/thumb/v7e-m+fp/hard/crtend.o
LOAD c:/st/stm32cubeide_1.6.1/stm32cubeide/plugins/com.st.stm32cube.ide.mcu.externaltools.gnu-tools-for-stm32.9-2020-q2-update.win32_1.5.0.202011040924/tools/bin/../lib/gcc/arm-none-eabi/9.3.1/thumb/v7e-m+fp/hard/crtn.o
                0x0000000020020000                _estack = (ORIGIN (RAM) + LENGTH (RAM))
                0x0000000000000200                _Min_Heap_Size = 0x200
                0x0000000000000400                _Min_Stack_Size = 0x400

.isr_vector     0x0000000008000000      0x1c4
                0x0000000008000000                . = ALIGN (0x4)
 *(.isr_vector)
 .isr_vector    0x0000000008000000      0x1c4 Core/Startup/startup_stm32f446retx.o
                0x0000000008000000                g_pfnVectors
                0x00000000080001c4                . = ALIGN (0x4)

.text           0x00000000080001d0     0xbf40
                0x00000000080001d0                . = ALIGN (0x4)
 *(.text)
 .text          0x00000000080001d0       0x40 c:/st/stm32cubeide_1.6.1/stm32cubeide/plugins/com.st.stm32cube.ide.mcu.externaltools.gnu-tools-for-stm32.9-2020-q2-update.win32_1.5.0.202011040924/tools/bin/../lib/gcc/arm-none-eabi/9.3.1/thumb/v7e-m+fp/hard/crtbegin.o
 .text          0x0000000008000210       0x10 c:/st/stm32cubeide_1.6.1/stm32cubeide/plugins/com.st.stm32cube.ide.mcu.externaltools.gnu-tools-for-stm32.9-2020-q2-update.win32_1.5.0.202011040924/tools/bin/../lib/gcc/arm-none-eabi/9.3.1/../../../../arm-none-eabi/lib/thumb/v7e-m+fp/hard\libc_nano.a(lib_a-strlen.o)
                0x0000000008000210                strlen
 .text          0x0000000008000220       0xa0 c:/st/stm32cubeide_1.6.1/stm32cubeide/plugins/com.st.stm32cube.ide.mcu.externaltools.gnu-tools-for-stm32.9-2020-q2-update.win32_1.5.0.202011040924/tools/bin/../lib/gcc/arm-none-eabi/9.3.1/../../../../arm-none-eabi/lib/thumb/v7e-m+fp/hard\libc_nano.a(lib_a-memchr.o)
                0x0000000008000220                memchr
 .text          0x00000000080002c0      0x378 c:/st/stm32cubeide_1.6.1/stm32cubeide/plugins/com.st.stm32cube.ide.mcu.externaltools.gnu-tools-for-stm32.9-2020-q2-update.win32_1.5.0.202011040924/tools/bin/../lib/gcc/arm-none-eabi/9.3.1/thumb/v7e-m+fp/hard\libgcc.a(_arm_addsubdf3.o)
                0x00000000080002c0                __aeabi_drsub
                0x00000000080002c8                __aeabi_dsub
                0x00000000080002c8                __subdf3
                0x00000000080002cc                __aeabi_dadd
                0x00000000080002cc                __adddf3
                0x0000000008000544                __floatunsidf
                0x0000000008000544                __aeabi_ui2d
                0x0000000008000564                __floatsidf
                0x0000000008000564                __aeabi_i2d
                0x0000000008000588                __aeabi_f2d
                0x0000000008000588                __extendsfdf2
                0x00000000080005cc                __floatundidf
                0x00000000080005cc                __aeabi_ul2d
                0x00000000080005dc                __floatdidf
                0x00000000080005dc                __aeabi_l2d
 .text          0x0000000008000638      0x424 c:/st/stm32cubeide_1.6.1/stm32cubeide/plugins/com.st.stm32cube.ide.mcu.externaltools.gnu-tools-for-stm32.9-2020-q2-update.win32_1.5.0.202011040924/tools/bin/../lib/gcc/arm-none-eabi/9.3.1/thumb/v7e-m+fp/hard\libgcc.a(_arm_muldivdf3.o)
                0x0000000008000638                __aeabi_dmul
                0x0000000008000638                __muldf3
                0x000000000800088c                __divdf3
                0x000000000800088c                __aeabi_ddiv
 .text          0x0000000008000a5c      0x110 c:/st/stm32cubeide_1.6.1/stm32cubeide/plugins/com.st.stm32cube.ide.mcu.externaltools.gnu-tools-for-stm32.9-2020-q2-update.win32_1.5.0.202011040924/tools/bin/../lib/gcc/arm-none-eabi/9.3.1/thumb/v7e-m+fp/hard\libgcc.a(_arm_cmpdf2.o)
                0x0000000008000a5c                __gtdf2
                0x0000000008000a5c                __gedf2
                0x0000000008000a64                __ltdf2
                0x0000000008000a64                __ledf2
                0x0000000008000a6c                __nedf2
                0x0000000008000a6c                __eqdf2
                0x0000000008000a6c                __cmpdf2
                0x0000000008000ae8                __aeabi_cdrcmple
                0x0000000008000af8                __aeabi_cdcmpeq
                0x0000000008000af8                __aeabi_cdcmple
                0x0000000008000b08                __aeabi_dcmpeq
                0x0000000008000b1c                __aeabi_dcmplt
                0x0000000008000b30                __aeabi_dcmple
                0x0000000008000b44                __aeabi_dcmpge
                0x0000000008000b58                __aeabi_dcmpgt
 .text          0x0000000008000b6c       0x2c c:/st/stm32cubeide_1.6.1/stm32cubeide/plugins/com.st.stm32cube.ide.mcu.externaltools.gnu-tools-for-stm32.9-2020-q2-update.win32_1.5.0.202011040924/tools/bin/../lib/gcc/arm-none-eabi/9.3.1/thumb/v7e-m+fp/hard\libgcc.a(_arm_unorddf2.o)
                0x0000000008000b6c                __unorddf2
                0x0000000008000b6c                __aeabi_dcmpun
 .text          0x0000000008000b98       0x50 c:/st/stm32cubeide_1.6.1/stm32cubeide/plugins/com.st.stm32cube.ide.mcu.externaltools.gnu-tools-for-stm32.9-2020-q2-update.win32_1.5.0.202011040924/tools/bin/../lib/gcc/arm-none-eabi/9.3.1/thumb/v7e-m+fp/hard\libgcc.a(_arm_fixdfsi.o)
                0x0000000008000b98                __aeabi_d2iz
                0x0000000008000b98                __fixdfsi
 .text          0x0000000008000be8       0xa0 c:/st/stm32cubeide_1.6.1/stm32cubeide/plugins/com.st.stm32cube.ide.mcu.externaltools.gnu-tools-for-stm32.9-2020-q2-update.win32_1.5.0.202011040924/tools/bin/../lib/gcc/arm-none-eabi/9.3.1/thumb/v7e-m+fp/hard\libgcc.a(_arm_truncdfsf2.o)
                0x0000000008000be8                __truncdfsf2
                0x0000000008000be8                __aeabi_d2f
 .text          0x0000000008000c88       0x30 c:/st/stm32cubeide_1.6.1/stm32cubeide/plugins/com.st.stm32cube.ide.mcu.externaltools.gnu-tools-for-stm32.9-2020-q2-update.win32_1.5.0.202011040924/tools/bin/../lib/gcc/arm-none-eabi/9.3.1/thumb/v7e-m+fp/hard\libgcc.a(_aeabi_uldivmod.o)
                0x0000000008000c88                __aeabi_uldivmod
 .text          0x0000000008000cb8      0x2c4 c:/st/stm32cubeide_1.6.1/stm32cubeide/plugins/com.st.stm32cube.ide.mcu.externaltools.gnu-tools-for-stm32.9-2020-q2-update.win32_1.5.0.202011040924/tools/bin/../lib/gcc/arm-none-eabi/9.3.1/thumb/v7e-m+fp/hard\libgcc.a(_udivmoddi4.o)
                0x0000000008000cb8                __udivmoddi4
 .text          0x0000000008000f7c        0x4 c:/st/stm32cubeide_1.6.1/stm32cubeide/plugins/com.st.stm32cube.ide.mcu.externaltools.gnu-tools-for-stm32.9-2020-q2-update.win32_1.5.0.202011040924/tools/bin/../lib/gcc/arm-none-eabi/9.3.1/thumb/v7e-m+fp/hard\libgcc.a(_dvmd_tls.o)
                0x0000000008000f7c                __aeabi_idiv0
                0x0000000008000f7c                __aeabi_ldiv0
 *(.text*)
 .text.start_timer
                0x0000000008000f80       0x14 Core/Src/dht11.o
                0x0000000008000f80                start_timer
 .text.reset_timer
                0x0000000008000f94       0x1c Core/Src/dht11.o
                0x0000000008000f94                reset_timer
 .text.read_timer
                0x0000000008000fb0       0x18 Core/Src/dht11.o
                0x0000000008000fb0                read_timer
 .text.toggle_pin_mode
                0x0000000008000fc8       0x64 Core/Src/dht11.o
                0x0000000008000fc8                toggle_pin_mode
 .text.DHT11_Init
                0x000000000800102c       0x50 Core/Src/dht11.o
                0x000000000800102c                DHT11_Init
 *fill*         0x000000000800107c        0x4 
 .text.DHT11_GetDatos
                0x0000000008001080      0x2cc Core/Src/dht11.o
                0x0000000008001080                DHT11_GetDatos
 .text.Load_Config_From_Flash
                0x000000000800134c       0xcc Core/Src/eeprom.o
                0x000000000800134c                Load_Config_From_Flash
 .text.Save_Config_To_Flash
                0x0000000008001418       0xbc Core/Src/eeprom.o
                0x0000000008001418                Save_Config_To_Flash
 .text.vApplicationGetIdleTaskMemory
                0x00000000080014d4       0x34 Core/Src/freertos.o
                0x00000000080014d4                vApplicationGetIdleTaskMemory
 .text.SendCommand
                0x0000000008001508       0x1c Core/Src/i2c-lcd.o
                0x0000000008001508                SendCommand
 .text.SendChar
                0x0000000008001524       0x1c Core/Src/i2c-lcd.o
                0x0000000008001524                SendChar
 .text.Send     0x0000000008001540       0x42 Core/Src/i2c-lcd.o
                0x0000000008001540                Send
 .text.Write4Bits
                0x0000000008001582       0x22 Core/Src/i2c-lcd.o
                0x0000000008001582                Write4Bits
 .text.ExpanderWrite
                0x00000000080015a4       0x38 Core/Src/i2c-lcd.o
                0x00000000080015a4                ExpanderWrite
 .text.PulseEnable
                0x00000000080015dc       0x3a Core/Src/i2c-lcd.o
                0x00000000080015dc                PulseEnable
 *fill*         0x0000000008001616        0x2 
 .text.DelayInit
                0x0000000008001618       0x54 Core/Src/i2c-lcd.o
                0x0000000008001618                DelayInit
 .text.DelayUS  0x000000000800166c       0x50 Core/Src/i2c-lcd.o
                0x000000000800166c                DelayUS
 .text.HD44780_Init
                0x00000000080016bc       0xb4 Core/Src/i2c-lcd.o
                0x00000000080016bc                HD44780_Init
 .text.HD44780_Clear
                0x0000000008001770       0x16 Core/Src/i2c-lcd.o
                0x0000000008001770                HD44780_Clear
 .text.HD44780_Home
                0x0000000008001786       0x16 Core/Src/i2c-lcd.o
                0x0000000008001786                HD44780_Home
 .text.HD44780_SetCursor
                0x000000000800179c       0x64 Core/Src/i2c-lcd.o
                0x000000000800179c                HD44780_SetCursor
 .text.HD44780_Display
                0x0000000008001800       0x2c Core/Src/i2c-lcd.o
                0x0000000008001800                HD44780_Display
 .text.HD44780_CreateSpecialChar
                0x000000000800182c       0x52 Core/Src/i2c-lcd.o
                0x000000000800182c                HD44780_CreateSpecialChar
 .text.HD44780_PrintStr
                0x000000000800187e       0x2a Core/Src/i2c-lcd.o
                0x000000000800187e                HD44780_PrintStr
 .text.Enable_Internal_Pullups
                0x00000000080018a8       0x60 Core/Src/i2c-lcd.o
                0x00000000080018a8                Enable_Internal_Pullups
 .text.LCD_ForceReset
                0x0000000008001908       0x50 Core/Src/i2c-lcd.o
                0x0000000008001908                LCD_ForceReset
 .text.LCD_ShowWelcome
                0x0000000008001958       0x38 Core/Src/i2c-lcd.o
                0x0000000008001958                LCD_ShowWelcome
 .text.render_dashboard
                0x0000000008001990      0x170 Core/Src/i2c-lcd.o
                0x0000000008001990                render_dashboard
 .text.render_menu
                0x0000000008001b00       0xd8 Core/Src/i2c-lcd.o
                0x0000000008001b00                render_menu
 .text.render_test_menu
                0x0000000008001bd8       0xc0 Core/Src/i2c-lcd.o
                0x0000000008001bd8                render_test_menu
 .text.render_config_select
                0x0000000008001c98       0xa4 Core/Src/i2c-lcd.o
                0x0000000008001c98                render_config_select
 .text.render_config_global
                0x0000000008001d3c       0xb0 Core/Src/i2c-lcd.o
                0x0000000008001d3c                render_config_global
 .text.render_config_edit
                0x0000000008001dec      0x190 Core/Src/i2c-lcd.o
                0x0000000008001dec                render_config_edit
 .text.render_config_time
                0x0000000008001f7c      0x130 Core/Src/i2c-lcd.o
                0x0000000008001f7c                render_config_time
 .text.update_display
                0x00000000080020ac       0x74 Core/Src/i2c-lcd.o
                0x00000000080020ac                update_display
 .text.I2C_Scan
                0x0000000008002120       0xc8 Core/Src/i2c-lcd.o
                0x0000000008002120                I2C_Scan
 .text.StartMenuTask
                0x00000000080021e8      0x784 Core/Src/main.o
                0x00000000080021e8                StartMenuTask
 .text.StartDebounceTask
                0x000000000800296c       0xd4 Core/Src/main.o
                0x000000000800296c                StartDebounceTask
 .text.StartSensorTask
                0x0000000008002a40       0x24 Core/Src/main.o
                0x0000000008002a40                StartSensorTask
 .text.main     0x0000000008002a64      0x104 Core/Src/main.o
                0x0000000008002a64                main
 .text.SystemClock_Config
                0x0000000008002b68       0xdc Core/Src/main.o
                0x0000000008002b68                SystemClock_Config
 .text.MX_I2C1_Init
                0x0000000008002c44       0x5c Core/Src/main.o
 .text.MX_TIM12_Init
                0x0000000008002ca0       0x74 Core/Src/main.o
 .text.MX_USART2_UART_Init
                0x0000000008002d14       0x54 Core/Src/main.o
 .text.MX_USART3_UART_Init
                0x0000000008002d68       0x54 Core/Src/main.o
 .text.MX_GPIO_Init
                0x0000000008002dbc      0x194 Core/Src/main.o
 .text.vApplicationStackOverflowHook
                0x0000000008002f50       0x20 Core/Src/main.o
                0x0000000008002f50                vApplicationStackOverflowHook
 .text.HAL_GPIO_EXTI_Callback
                0x0000000008002f70      0x120 Core/Src/main.o
                0x0000000008002f70                HAL_GPIO_EXTI_Callback
 .text.StartDefaultTask
                0x0000000008003090       0x10 Core/Src/main.o
                0x0000000008003090                StartDefaultTask
 .text.HAL_TIM_PeriodElapsedCallback
                0x00000000080030a0       0x24 Core/Src/main.o
                0x00000000080030a0                HAL_TIM_PeriodElapsedCallback
 .text.Error_Handler
                0x00000000080030c4        0xa Core/Src/main.o
                0x00000000080030c4                Error_Handler
 .text.RELES_Init
                0x00000000080030ce        0xc Core/Src/rele.o
                0x00000000080030ce                RELES_Init
 *fill*         0x00000000080030da        0x2 
 .text.RELES_ApagarTodos
                0x00000000080030dc       0x40 Core/Src/rele.o
                0x00000000080030dc                RELES_ApagarTodos
 .text.HAL_MspInit
                0x000000000800311c       0x58 Core/Src/stm32f4xx_hal_msp.o
                0x000000000800311c                HAL_MspInit
 .text.HAL_I2C_MspInit
                0x0000000008003174       0x90 Core/Src/stm32f4xx_hal_msp.o
                0x0000000008003174                HAL_I2C_MspInit
 .text.HAL_TIM_Base_MspInit
                0x0000000008003204       0x44 Core/Src/stm32f4xx_hal_msp.o
                0x0000000008003204                HAL_TIM_Base_MspInit
 .text.HAL_UART_MspInit
                0x0000000008003248       0xfc Core/Src/stm32f4xx_hal_msp.o
                0x0000000008003248                HAL_UART_MspInit
 .text.HAL_InitTick
                0x0000000008003344       0xb4 Core/Src/stm32f4xx_hal_timebase_tim.o
                0x0000000008003344                HAL_InitTick
 .text.NMI_Handler
                0x00000000080033f8        0x6 Core/Src/stm32f4xx_it.o
                0x00000000080033f8                NMI_Handler
 .text.HardFault_Handler
                0x00000000080033fe        0x6 Core/Src/stm32f4xx_it.o
                0x00000000080033fe                HardFault_Handler
 .text.MemManage_Handler
                0x0000000008003404        0x6 Core/Src/stm32f4xx_it.o
                0x0000000008003404                MemManage_Handler
 .text.BusFault_Handler
                0x000000000800340a        0x6 Core/Src/stm32f4xx_it.o
                0x000000000800340a                BusFault_Handler
 .text.UsageFault_Handler
                0x0000000008003410        0x6 Core/Src/stm32f4xx_it.o
                0x0000000008003410                UsageFault_Handler
 .text.DebugMon_Handler
                0x0000000008003416        0xe Core/Src/stm32f4xx_it.o
                0x0000000008003416                DebugMon_Handler
 .text.EXTI0_IRQHandler
                0x0000000008003424        0xe Core/Src/stm32f4xx_it.o
                0x0000000008003424                EXTI0_IRQHandler
 .text.EXTI1_IRQHandler
                0x0000000008003432        0xe Core/Src/stm32f4xx_it.o
                0x0000000008003432                EXTI1_IRQHandler
 .text.TIM6_DAC_IRQHandler
                0x0000000008003440       0x14 Core/Src/stm32f4xx_it.o
                0x0000000008003440                TIM6_DAC_IRQHandler
 .text._getpid  0x0000000008003454       0x10 Core/Src/syscalls.o
                0x0000000008003454                _getpid
 .text._kill    0x0000000008003464       0x20 Core/Src/syscalls.o
                0x0000000008003464                _kill
 .text._exit    0x0000000008003484       0x14 Core/Src/syscalls.o
                0x0000000008003484                _exit
 .text._read    0x0000000008003498       0x3a Core/Src/syscalls.o
                0x0000000008003498                _read
 .text._write   0x00000000080034d2       0x38 Core/Src/syscalls.o
                0x00000000080034d2                _write
 .text._close   0x000000000800350a       0x18 Core/Src/syscalls.o
                0x000000000800350a                _close
 .text._fstat   0x0000000008003522       0x20 Core/Src/syscalls.o
                0x0000000008003522                _fstat
 .text._isatty  0x0000000008003542       0x16 Core/Src/syscalls.o
                0x0000000008003542                _isatty
 .text._lseek   0x0000000008003558       0x1a Core/Src/syscalls.o
                0x0000000008003558                _lseek
 *fill*         0x0000000008003572        0x2 
 .text._sbrk    0x0000000008003574       0x6c Core/Src/sysmem.o
                0x0000000008003574                _sbrk
 .text.SystemInit
                0x00000000080035e0       0x24 Core/Src/system_stm32f4xx.o
                0x00000000080035e0                SystemInit
 .text.toggle_output
                0x0000000008003604       0x88 Core/Src/utils.o
                0x0000000008003604                toggle_output
 .text.Get_Current_Day
                0x000000000800368c       0x5c Core/Src/utils.o
                0x000000000800368c                Get_Current_Day
 .text.Get_Active_Targets
                0x00000000080036e8       0x7c Core/Src/utils.o
                0x00000000080036e8                Get_Active_Targets
 .text.Get_Current_Hour
                0x0000000008003764       0x6c Core/Src/utils.o
                0x0000000008003764                Get_Current_Hour
 .text.Get_Current_Minute
                0x00000000080037d0       0x60 Core/Src/utils.o
                0x00000000080037d0                Get_Current_Minute
 .text.Reset_Handler
                0x0000000008003830       0x50 Core/Startup/startup_stm32f446retx.o
                0x0000000008003830                Reset_Handler
 .text.Default_Handler
                0x0000000008003880        0x2 Core/Startup/startup_stm32f446retx.o
                0x0000000008003880                RTC_Alarm_IRQHandler
                0x0000000008003880                EXTI2_IRQHandler
                0x0000000008003880                TIM8_CC_IRQHandler
                0x0000000008003880                FMPI2C1_EV_IRQHandler
                0x0000000008003880                SPI4_IRQHandler
                0x0000000008003880                TIM1_CC_IRQHandler
                0x0000000008003880                DMA2_Stream5_IRQHandler
                0x0000000008003880                DMA1_Stream5_IRQHandler
                0x0000000008003880                PVD_IRQHandler
                0x0000000008003880                SDIO_IRQHandler
                0x0000000008003880                TAMP_STAMP_IRQHandler
                0x0000000008003880                CAN2_RX1_IRQHandler
                0x0000000008003880                EXTI3_IRQHandler
                0x0000000008003880                TIM8_TRG_COM_TIM14_IRQHandler
                0x0000000008003880                TIM1_UP_TIM10_IRQHandler
                0x0000000008003880                TIM8_UP_TIM13_IRQHandler
                0x0000000008003880                I2C3_ER_IRQHandler
                0x0000000008003880                I2C2_EV_IRQHandler
                0x0000000008003880                DMA1_Stream2_IRQHandler
                0x0000000008003880                CAN1_RX0_IRQHandler
                0x0000000008003880                FPU_IRQHandler
                0x0000000008003880                OTG_HS_WKUP_IRQHandler
                0x0000000008003880                CAN2_SCE_IRQHandler
                0x0000000008003880                DMA2_Stream2_IRQHandler
                0x0000000008003880                SPI1_IRQHandler
                0x0000000008003880                TIM1_BRK_TIM9_IRQHandler
                0x0000000008003880                DCMI_IRQHandler
                0x0000000008003880                CAN2_RX0_IRQHandler
                0x0000000008003880                DMA2_Stream3_IRQHandler
                0x0000000008003880                SAI2_IRQHandler
                0x0000000008003880                USART6_IRQHandler
                0x0000000008003880                USART3_IRQHandler
                0x0000000008003880                CAN1_RX1_IRQHandler
                0x0000000008003880                UART5_IRQHandler
                0x0000000008003880                DMA2_Stream0_IRQHandler
                0x0000000008003880                TIM4_IRQHandler
                0x0000000008003880                QUADSPI_IRQHandler
                0x0000000008003880                I2C1_EV_IRQHandler
                0x0000000008003880                DMA1_Stream6_IRQHandler
                0x0000000008003880                DMA1_Stream1_IRQHandler
                0x0000000008003880                UART4_IRQHandler
                0x0000000008003880                TIM3_IRQHandler
                0x0000000008003880                RCC_IRQHandler
                0x0000000008003880                TIM8_BRK_TIM12_IRQHandler
                0x0000000008003880                Default_Handler
                0x0000000008003880                CEC_IRQHandler
                0x0000000008003880                EXTI15_10_IRQHandler
                0x0000000008003880                ADC_IRQHandler
                0x0000000008003880                DMA1_Stream7_IRQHandler
                0x0000000008003880                TIM7_IRQHandler
                0x0000000008003880                CAN2_TX_IRQHandler
                0x0000000008003880                TIM5_IRQHandler
                0x0000000008003880                DMA2_Stream7_IRQHandler
                0x0000000008003880                I2C3_EV_IRQHandler
                0x0000000008003880                EXTI9_5_IRQHandler
                0x0000000008003880                RTC_WKUP_IRQHandler
                0x0000000008003880                SPDIF_RX_IRQHandler
                0x0000000008003880                SPI2_IRQHandler
                0x0000000008003880                OTG_HS_EP1_IN_IRQHandler
                0x0000000008003880                DMA1_Stream0_IRQHandler
                0x0000000008003880                CAN1_TX_IRQHandler
                0x0000000008003880                FMPI2C1_ER_IRQHandler
                0x0000000008003880                EXTI4_IRQHandler
                0x0000000008003880                OTG_HS_EP1_OUT_IRQHandler
                0x0000000008003880                WWDG_IRQHandler
                0x0000000008003880                TIM2_IRQHandler
                0x0000000008003880                OTG_FS_WKUP_IRQHandler
                0x0000000008003880                TIM1_TRG_COM_TIM11_IRQHandler
                0x0000000008003880                OTG_HS_IRQHandler
                0x0000000008003880                USART2_IRQHandler
                0x0000000008003880                I2C2_ER_IRQHandler
                0x0000000008003880                DMA2_Stream1_IRQHandler
                0x0000000008003880                CAN1_SCE_IRQHandler
                0x0000000008003880                FLASH_IRQHandler
                0x0000000008003880                DMA2_Stream4_IRQHandler
                0x0000000008003880                USART1_IRQHandler
                0x0000000008003880                OTG_FS_IRQHandler
                0x0000000008003880                SPI3_IRQHandler
                0x0000000008003880                DMA1_Stream4_IRQHandler
                0x0000000008003880                I2C1_ER_IRQHandler
                0x0000000008003880                FMC_IRQHandler
                0x0000000008003880                DMA2_Stream6_IRQHandler
                0x0000000008003880                SAI1_IRQHandler
                0x0000000008003880                DMA1_Stream3_IRQHandler
 *fill*         0x0000000008003882        0x2 
 .text.HAL_Init
                0x0000000008003884       0x44 Drivers/STM32F4xx_HAL_Driver/Src/stm32f4xx_hal.o
                0x0000000008003884                HAL_Init
 .text.HAL_IncTick
                0x00000000080038c8       0x28 Drivers/STM32F4xx_HAL_Driver/Src/stm32f4xx_hal.o
                0x00000000080038c8                HAL_IncTick
 .text.HAL_GetTick
                0x00000000080038f0       0x18 Drivers/STM32F4xx_HAL_Driver/Src/stm32f4xx_hal.o
                0x00000000080038f0                HAL_GetTick
 .text.HAL_Delay
                0x0000000008003908       0x48 Drivers/STM32F4xx_HAL_Driver/Src/stm32f4xx_hal.o
                0x0000000008003908                HAL_Delay
 .text.__NVIC_SetPriorityGrouping
                0x0000000008003950       0x48 Drivers/STM32F4xx_HAL_Driver/Src/stm32f4xx_hal_cortex.o
 .text.__NVIC_GetPriorityGrouping
                0x0000000008003998       0x1c Drivers/STM32F4xx_HAL_Driver/Src/stm32f4xx_hal_cortex.o
 .text.__NVIC_EnableIRQ
                0x00000000080039b4       0x3c Drivers/STM32F4xx_HAL_Driver/Src/stm32f4xx_hal_cortex.o
 .text.__NVIC_SetPriority
                0x00000000080039f0       0x54 Drivers/STM32F4xx_HAL_Driver/Src/stm32f4xx_hal_cortex.o
 .text.NVIC_EncodePriority
                0x0000000008003a44       0x66 Drivers/STM32F4xx_HAL_Driver/Src/stm32f4xx_hal_cortex.o
 .text.HAL_NVIC_SetPriorityGrouping
                0x0000000008003aaa       0x16 Drivers/STM32F4xx_HAL_Driver/Src/stm32f4xx_hal_cortex.o
                0x0000000008003aaa                HAL_NVIC_SetPriorityGrouping
 .text.HAL_NVIC_SetPriority
                0x0000000008003ac0       0x38 Drivers/STM32F4xx_HAL_Driver/Src/stm32f4xx_hal_cortex.o
                0x0000000008003ac0                HAL_NVIC_SetPriority
 .text.HAL_NVIC_EnableIRQ
                0x0000000008003af8       0x1c Drivers/STM32F4xx_HAL_Driver/Src/stm32f4xx_hal_cortex.o
                0x0000000008003af8                HAL_NVIC_EnableIRQ
 .text.HAL_FLASH_Program
                0x0000000008003b14       0xa8 Drivers/STM32F4xx_HAL_Driver/Src/stm32f4xx_hal_flash.o
                0x0000000008003b14                HAL_FLASH_Program
 .text.HAL_FLASH_Unlock
                0x0000000008003bbc       0x44 Drivers/STM32F4xx_HAL_Driver/Src/stm32f4xx_hal_flash.o
                0x0000000008003bbc                HAL_FLASH_Unlock
 .text.HAL_FLASH_Lock
                0x0000000008003c00       0x20 Drivers/STM32F4xx_HAL_Driver/Src/stm32f4xx_hal_flash.o
                0x0000000008003c00                HAL_FLASH_Lock
 .text.FLASH_WaitForLastOperation
                0x0000000008003c20       0x80 Drivers/STM32F4xx_HAL_Driver/Src/stm32f4xx_hal_flash.o
                0x0000000008003c20                FLASH_WaitForLastOperation
 .text.FLASH_Program_DoubleWord
                0x0000000008003ca0       0x64 Drivers/STM32F4xx_HAL_Driver/Src/stm32f4xx_hal_flash.o
 .text.FLASH_Program_Word
                0x0000000008003d04       0x44 Drivers/STM32F4xx_HAL_Driver/Src/stm32f4xx_hal_flash.o
 .text.FLASH_Program_HalfWord
                0x0000000008003d48       0x48 Drivers/STM32F4xx_HAL_Driver/Src/stm32f4xx_hal_flash.o
 .text.FLASH_Program_Byte
                0x0000000008003d90       0x44 Drivers/STM32F4xx_HAL_Driver/Src/stm32f4xx_hal_flash.o
 .text.FLASH_SetErrorCode
                0x0000000008003dd4       0xcc Drivers/STM32F4xx_HAL_Driver/Src/stm32f4xx_hal_flash.o
 .text.HAL_FLASHEx_Erase
                0x0000000008003ea0       0xe0 Drivers/STM32F4xx_HAL_Driver/Src/stm32f4xx_hal_flash_ex.o
                0x0000000008003ea0                HAL_FLASHEx_Erase
 .text.FLASH_MassErase
                0x0000000008003f80       0x48 Drivers/STM32F4xx_HAL_Driver/Src/stm32f4xx_hal_flash_ex.o
 .text.FLASH_Erase_Sector
                0x0000000008003fc8       0x90 Drivers/STM32F4xx_HAL_Driver/Src/stm32f4xx_hal_flash_ex.o
                0x0000000008003fc8                FLASH_Erase_Sector
 .text.FLASH_FlushCaches
                0x0000000008004058       0x8c Drivers/STM32F4xx_HAL_Driver/Src/stm32f4xx_hal_flash_ex.o
                0x0000000008004058                FLASH_FlushCaches
 .text.HAL_GPIO_Init
                0x00000000080040e4      0x328 Drivers/STM32F4xx_HAL_Driver/Src/stm32f4xx_hal_gpio.o
                0x00000000080040e4                HAL_GPIO_Init
 .text.HAL_GPIO_ReadPin
                0x000000000800440c       0x30 Drivers/STM32F4xx_HAL_Driver/Src/stm32f4xx_hal_gpio.o
                0x000000000800440c                HAL_GPIO_ReadPin
 .text.HAL_GPIO_WritePin
                0x000000000800443c       0x32 Drivers/STM32F4xx_HAL_Driver/Src/stm32f4xx_hal_gpio.o
                0x000000000800443c                HAL_GPIO_WritePin
 .text.HAL_GPIO_TogglePin
                0x000000000800446e       0x34 Drivers/STM32F4xx_HAL_Driver/Src/stm32f4xx_hal_gpio.o
                0x000000000800446e                HAL_GPIO_TogglePin
 *fill*         0x00000000080044a2        0x2 
 .text.HAL_GPIO_EXTI_IRQHandler
                0x00000000080044a4       0x30 Drivers/STM32F4xx_HAL_Driver/Src/stm32f4xx_hal_gpio.o
                0x00000000080044a4                HAL_GPIO_EXTI_IRQHandler
 .text.HAL_I2C_Init
                0x00000000080044d4      0x288 Drivers/STM32F4xx_HAL_Driver/Src/stm32f4xx_hal_i2c.o
                0x00000000080044d4                HAL_I2C_Init
 .text.HAL_I2C_Master_Transmit
                0x000000000800475c      0x1fc Drivers/STM32F4xx_HAL_Driver/Src/stm32f4xx_hal_i2c.o
                0x000000000800475c                HAL_I2C_Master_Transmit
 .text.HAL_I2C_IsDeviceReady
                0x0000000008004958      0x25c Drivers/STM32F4xx_HAL_Driver/Src/stm32f4xx_hal_i2c.o
                0x0000000008004958                HAL_I2C_IsDeviceReady
 .text.I2C_MasterRequestWrite
                0x0000000008004bb4      0x104 Drivers/STM32F4xx_HAL_Driver/Src/stm32f4xx_hal_i2c.o
 .text.I2C_WaitOnFlagUntilTimeout
                0x0000000008004cb8       0xae Drivers/STM32F4xx_HAL_Driver/Src/stm32f4xx_hal_i2c.o
 .text.I2C_WaitOnMasterAddressFlagUntilTimeout
                0x0000000008004d66       0xfe Drivers/STM32F4xx_HAL_Driver/Src/stm32f4xx_hal_i2c.o
 .text.I2C_WaitOnTXEFlagUntilTimeout
                0x0000000008004e64       0x82 Drivers/STM32F4xx_HAL_Driver/Src/stm32f4xx_hal_i2c.o
 .text.I2C_WaitOnBTFFlagUntilTimeout
                0x0000000008004ee6       0x82 Drivers/STM32F4xx_HAL_Driver/Src/stm32f4xx_hal_i2c.o
 .text.I2C_IsAcknowledgeFailed
                0x0000000008004f68       0x5e Drivers/STM32F4xx_HAL_Driver/Src/stm32f4xx_hal_i2c.o
 *fill*         0x0000000008004fc6        0x2 
 .text.HAL_RCC_ClockConfig
                0x0000000008004fc8      0x1cc Drivers/STM32F4xx_HAL_Driver/Src/stm32f4xx_hal_rcc.o
                0x0000000008004fc8                HAL_RCC_ClockConfig
 .text.HAL_RCC_GetHCLKFreq
                0x0000000008005194       0x18 Drivers/STM32F4xx_HAL_Driver/Src/stm32f4xx_hal_rcc.o
                0x0000000008005194                HAL_RCC_GetHCLKFreq
 .text.HAL_RCC_GetPCLK1Freq
                0x00000000080051ac       0x28 Drivers/STM32F4xx_HAL_Driver/Src/stm32f4xx_hal_rcc.o
                0x00000000080051ac                HAL_RCC_GetPCLK1Freq
 .text.HAL_RCC_GetPCLK2Freq
                0x00000000080051d4       0x28 Drivers/STM32F4xx_HAL_Driver/Src/stm32f4xx_hal_rcc.o
                0x00000000080051d4                HAL_RCC_GetPCLK2Freq
 .text.HAL_RCC_GetClockConfig
                0x00000000080051fc       0x64 Drivers/STM32F4xx_HAL_Driver/Src/stm32f4xx_hal_rcc.o
                0x00000000080051fc                HAL_RCC_GetClockConfig
 .text.HAL_RCC_GetSysClockFreq
                0x0000000008005260      0x364 Drivers/STM32F4xx_HAL_Driver/Src/stm32f4xx_hal_rcc_ex.o
                0x0000000008005260                HAL_RCC_GetSysClockFreq
 .text.HAL_RCC_OscConfig
                0x00000000080055c4      0x53c Drivers/STM32F4xx_HAL_Driver/Src/stm32f4xx_hal_rcc_ex.o
                0x00000000080055c4                HAL_RCC_OscConfig
 .text.HAL_TIM_Base_Init
                0x0000000008005b00       0x9e Drivers/STM32F4xx_HAL_Driver/Src/stm32f4xx_hal_tim.o
                0x0000000008005b00                HAL_TIM_Base_Init
 *fill*         0x0000000008005b9e        0x2 
 .text.HAL_TIM_Base_Start
                0x0000000008005ba0       0xd0 Drivers/STM32F4xx_HAL_Driver/Src/stm32f4xx_hal_tim.o
                0x0000000008005ba0                HAL_TIM_Base_Start
 .text.HAL_TIM_Base_Start_IT
                0x0000000008005c70       0xe0 Drivers/STM32F4xx_HAL_Driver/Src/stm32f4xx_hal_tim.o
                0x0000000008005c70                HAL_TIM_Base_Start_IT
 .text.HAL_TIM_IRQHandler
                0x0000000008005d50      0x210 Drivers/STM32F4xx_HAL_Driver/Src/stm32f4xx_hal_tim.o
                0x0000000008005d50                HAL_TIM_IRQHandler
 .text.HAL_TIM_ConfigClockSource
                0x0000000008005f60      0x18e Drivers/STM32F4xx_HAL_Driver/Src/stm32f4xx_hal_tim.o
                0x0000000008005f60                HAL_TIM_ConfigClockSource
 .text.HAL_TIM_OC_DelayElapsedCallback
                0x00000000080060ee       0x14 Drivers/STM32F4xx_HAL_Driver/Src/stm32f4xx_hal_tim.o
                0x00000000080060ee                HAL_TIM_OC_DelayElapsedCallback
 .text.HAL_TIM_IC_CaptureCallback
                0x0000000008006102       0x14 Drivers/STM32F4xx_HAL_Driver/Src/stm32f4xx_hal_tim.o
                0x0000000008006102                HAL_TIM_IC_CaptureCallback
 .text.HAL_TIM_PWM_PulseFinishedCallback
                0x0000000008006116       0x14 Drivers/STM32F4xx_HAL_Driver/Src/stm32f4xx_hal_tim.o
                0x0000000008006116                HAL_TIM_PWM_PulseFinishedCallback
 .text.HAL_TIM_TriggerCallback
                0x000000000800612a       0x14 Drivers/STM32F4xx_HAL_Driver/Src/stm32f4xx_hal_tim.o
                0x000000000800612a                HAL_TIM_TriggerCallback
 *fill*         0x000000000800613e        0x2 
 .text.TIM_Base_SetConfig
                0x0000000008006140      0x140 Drivers/STM32F4xx_HAL_Driver/Src/stm32f4xx_hal_tim.o
                0x0000000008006140                TIM_Base_SetConfig
 .text.TIM_TI1_ConfigInputStage
                0x0000000008006280       0x5e Drivers/STM32F4xx_HAL_Driver/Src/stm32f4xx_hal_tim.o
 .text.TIM_TI2_ConfigInputStage
                0x00000000080062de       0x60 Drivers/STM32F4xx_HAL_Driver/Src/stm32f4xx_hal_tim.o
 .text.TIM_ITRx_SetConfig
                0x000000000800633e       0x36 Drivers/STM32F4xx_HAL_Driver/Src/stm32f4xx_hal_tim.o
 .text.TIM_ETR_SetConfig
                0x0000000008006374       0x40 Drivers/STM32F4xx_HAL_Driver/Src/stm32f4xx_hal_tim.o
                0x0000000008006374                TIM_ETR_SetConfig
 .text.HAL_TIMEx_CommutCallback
                0x00000000080063b4       0x14 Drivers/STM32F4xx_HAL_Driver/Src/stm32f4xx_hal_tim_ex.o
                0x00000000080063b4                HAL_TIMEx_CommutCallback
 .text.HAL_TIMEx_BreakCallback
                0x00000000080063c8       0x14 Drivers/STM32F4xx_HAL_Driver/Src/stm32f4xx_hal_tim_ex.o
                0x00000000080063c8                HAL_TIMEx_BreakCallback
 .text.HAL_UART_Init
                0x00000000080063dc       0x9a Drivers/STM32F4xx_HAL_Driver/Src/stm32f4xx_hal_uart.o
                0x00000000080063dc                HAL_UART_Init
 .text.HAL_UART_Transmit
                0x0000000008006476      0x124 Drivers/STM32F4xx_HAL_Driver/Src/stm32f4xx_hal_uart.o
                0x0000000008006476                HAL_UART_Transmit
 .text.UART_WaitOnFlagUntilTimeout
                0x000000000800659a       0xdc Drivers/STM32F4xx_HAL_Driver/Src/stm32f4xx_hal_uart.o
 *fill*         0x0000000008006676        0x2 
 .text.UART_SetConfig
                0x0000000008006678      0x390 Drivers/STM32F4xx_HAL_Driver/Src/stm32f4xx_hal_uart.o
 .text.makeFreeRtosPriority
                0x0000000008006a08       0x30 Middlewares/Third_Party/FreeRTOS/Source/CMSIS_RTOS/cmsis_os.o
 .text.inHandlerMode
                0x0000000008006a38       0x24 Middlewares/Third_Party/FreeRTOS/Source/CMSIS_RTOS/cmsis_os.o
 .text.osKernelStart
                0x0000000008006a5c        0xe Middlewares/Third_Party/FreeRTOS/Source/CMSIS_RTOS/cmsis_os.o
                0x0000000008006a5c                osKernelStart
 .text.osThreadCreate
                0x0000000008006a6a       0x98 Middlewares/Third_Party/FreeRTOS/Source/CMSIS_RTOS/cmsis_os.o
                0x0000000008006a6a                osThreadCreate
 .text.osDelay  0x0000000008006b02       0x28 Middlewares/Third_Party/FreeRTOS/Source/CMSIS_RTOS/cmsis_os.o
                0x0000000008006b02                osDelay
 *fill*         0x0000000008006b2a        0x2 
 .text.osMessagePut
                0x0000000008006b2c       0x80 Middlewares/Third_Party/FreeRTOS/Source/CMSIS_RTOS/cmsis_os.o
                0x0000000008006b2c                osMessagePut
 .text.vListInitialise
                0x0000000008006bac       0x40 Middlewares/Third_Party/FreeRTOS/Source/list.o
                0x0000000008006bac                vListInitialise
 .text.vListInitialiseItem
                0x0000000008006bec       0x1a Middlewares/Third_Party/FreeRTOS/Source/list.o
                0x0000000008006bec                vListInitialiseItem
 .text.vListInsertEnd
                0x0000000008006c06       0x48 Middlewares/Third_Party/FreeRTOS/Source/list.o
                0x0000000008006c06                vListInsertEnd
 .text.vListInsert
                0x0000000008006c4e       0x72 Middlewares/Third_Party/FreeRTOS/Source/list.o
                0x0000000008006c4e                vListInsert
 .text.uxListRemove
                0x0000000008006cc0       0x54 Middlewares/Third_Party/FreeRTOS/Source/list.o
                0x0000000008006cc0                uxListRemove
 .text.xQueueGenericReset
                0x0000000008006d14       0xd0 Middlewares/Third_Party/FreeRTOS/Source/queue.o
                0x0000000008006d14                xQueueGenericReset
 .text.xQueueGenericCreate
                0x0000000008006de4       0x74 Middlewares/Third_Party/FreeRTOS/Source/queue.o
                0x0000000008006de4                xQueueGenericCreate
 .text.prvInitialiseNewQueue
                0x0000000008006e58       0x3e Middlewares/Third_Party/FreeRTOS/Source/queue.o
 .text.prvInitialiseMutex
                0x0000000008006e96       0x34 Middlewares/Third_Party/FreeRTOS/Source/queue.o
 .text.xQueueCreateMutex
                0x0000000008006eca       0x30 Middlewares/Third_Party/FreeRTOS/Source/queue.o
                0x0000000008006eca                xQueueCreateMutex
 *fill*         0x0000000008006efa        0x2 
 .text.xQueueGenericSend
                0x0000000008006efc      0x1fc Middlewares/Third_Party/FreeRTOS/Source/queue.o
                0x0000000008006efc                xQueueGenericSend
 .text.xQueueGenericSendFromISR
                0x00000000080070f8      0x136 Middlewares/Third_Party/FreeRTOS/Source/queue.o
                0x00000000080070f8                xQueueGenericSendFromISR
 *fill*         0x000000000800722e        0x2 
 .text.xQueueReceive
                0x0000000008007230      0x1c0 Middlewares/Third_Party/FreeRTOS/Source/queue.o
                0x0000000008007230                xQueueReceive
 .text.xQueueSemaphoreTake
                0x00000000080073f0      0x218 Middlewares/Third_Party/FreeRTOS/Source/queue.o
                0x00000000080073f0                xQueueSemaphoreTake
 .text.prvGetDisinheritPriorityAfterTimeout
                0x0000000008007608       0x30 Middlewares/Third_Party/FreeRTOS/Source/queue.o
 .text.prvCopyDataToQueue
                0x0000000008007638       0xd4 Middlewares/Third_Party/FreeRTOS/Source/queue.o
 .text.prvCopyDataFromQueue
                0x000000000800770c       0x4c Middlewares/Third_Party/FreeRTOS/Source/queue.o
 .text.prvUnlockQueue
                0x0000000008007758       0xa4 Middlewares/Third_Party/FreeRTOS/Source/queue.o
 .text.prvIsQueueEmpty
                0x00000000080077fc       0x2c Middlewares/Third_Party/FreeRTOS/Source/queue.o
 .text.prvIsQueueFull
                0x0000000008007828       0x30 Middlewares/Third_Party/FreeRTOS/Source/queue.o
 .text.xTaskCreateStatic
                0x0000000008007858       0xba Middlewares/Third_Party/FreeRTOS/Source/tasks.o
                0x0000000008007858                xTaskCreateStatic
 .text.xTaskCreate
                0x0000000008007912       0x8a Middlewares/Third_Party/FreeRTOS/Source/tasks.o
                0x0000000008007912                xTaskCreate
 .text.prvInitialiseNewTask
                0x000000000800799c      0x14c Middlewares/Third_Party/FreeRTOS/Source/tasks.o
 .text.prvAddNewTaskToReadyList
                0x0000000008007ae8       0xd4 Middlewares/Third_Party/FreeRTOS/Source/tasks.o
 .text.vTaskDelayUntil
                0x0000000008007bbc       0xfc Middlewares/Third_Party/FreeRTOS/Source/tasks.o
                0x0000000008007bbc                vTaskDelayUntil
 .text.vTaskDelay
                0x0000000008007cb8       0x68 Middlewares/Third_Party/FreeRTOS/Source/tasks.o
                0x0000000008007cb8                vTaskDelay
 .text.vTaskStartScheduler
                0x0000000008007d20       0xd4 Middlewares/Third_Party/FreeRTOS/Source/tasks.o
                0x0000000008007d20                vTaskStartScheduler
 .text.vTaskSuspendAll
                0x0000000008007df4       0x1c Middlewares/Third_Party/FreeRTOS/Source/tasks.o
                0x0000000008007df4                vTaskSuspendAll
 .text.xTaskResumeAll
                0x0000000008007e10      0x138 Middlewares/Third_Party/FreeRTOS/Source/tasks.o
                0x0000000008007e10                xTaskResumeAll
 .text.xTaskGetTickCount
                0x0000000008007f48       0x20 Middlewares/Third_Party/FreeRTOS/Source/tasks.o
                0x0000000008007f48                xTaskGetTickCount
 .text.xTaskIncrementTick
                0x0000000008007f68      0x170 Middlewares/Third_Party/FreeRTOS/Source/tasks.o
                0x0000000008007f68                xTaskIncrementTick
 .text.vTaskSwitchContext
                0x00000000080080d8      0x110 Middlewares/Third_Party/FreeRTOS/Source/tasks.o
                0x00000000080080d8                vTaskSwitchContext
 .text.vTaskPlaceOnEventList
                0x00000000080081e8       0x48 Middlewares/Third_Party/FreeRTOS/Source/tasks.o
                0x00000000080081e8                vTaskPlaceOnEventList
 .text.xTaskRemoveFromEventList
                0x0000000008008230       0xc4 Middlewares/Third_Party/FreeRTOS/Source/tasks.o
                0x0000000008008230                xTaskRemoveFromEventList
 .text.vTaskInternalSetTimeOutState
                0x00000000080082f4       0x2c Middlewares/Third_Party/FreeRTOS/Source/tasks.o
                0x00000000080082f4                vTaskInternalSetTimeOutState
 .text.xTaskCheckForTimeOut
                0x0000000008008320       0xc4 Middlewares/Third_Party/FreeRTOS/Source/tasks.o
                0x0000000008008320                xTaskCheckForTimeOut
 .text.vTaskMissedYield
                0x00000000080083e4       0x18 Middlewares/Third_Party/FreeRTOS/Source/tasks.o
                0x00000000080083e4                vTaskMissedYield
 .text.prvIdleTask
                0x00000000080083fc       0x30 Middlewares/Third_Party/FreeRTOS/Source/tasks.o
 .text.prvInitialiseTaskLists
                0x000000000800842c       0x80 Middlewares/Third_Party/FreeRTOS/Source/tasks.o
 .text.prvCheckTasksWaitingTermination
                0x00000000080084ac       0x5c Middlewares/Third_Party/FreeRTOS/Source/tasks.o
 .text.prvDeleteTCB
                0x0000000008008508       0x68 Middlewares/Third_Party/FreeRTOS/Source/tasks.o
 .text.prvResetNextTaskUnblockTime
                0x0000000008008570       0x40 Middlewares/Third_Party/FreeRTOS/Source/tasks.o
 .text.xTaskGetSchedulerState
                0x00000000080085b0       0x3c Middlewares/Third_Party/FreeRTOS/Source/tasks.o
                0x00000000080085b0                xTaskGetSchedulerState
 .text.xTaskPriorityInherit
                0x00000000080085ec       0xec Middlewares/Third_Party/FreeRTOS/Source/tasks.o
                0x00000000080085ec                xTaskPriorityInherit
 .text.xTaskPriorityDisinherit
                0x00000000080086d8      0x10c Middlewares/Third_Party/FreeRTOS/Source/tasks.o
                0x00000000080086d8                xTaskPriorityDisinherit
 .text.vTaskPriorityDisinheritAfterTimeout
                0x00000000080087e4      0x11c Middlewares/Third_Party/FreeRTOS/Source/tasks.o
                0x00000000080087e4                vTaskPriorityDisinheritAfterTimeout
 .text.pvTaskIncrementMutexHeldCount
                0x0000000008008900       0x28 Middlewares/Third_Party/FreeRTOS/Source/tasks.o
                0x0000000008008900                pvTaskIncrementMutexHeldCount
 .text.prvAddCurrentTaskToDelayedList
                0x0000000008008928       0xcc Middlewares/Third_Party/FreeRTOS/Source/tasks.o
 .text.pxPortInitialiseStack
                0x00000000080089f4       0x68 Middlewares/Third_Party/FreeRTOS/Source/portable/GCC/ARM_CM4F/port.o
                0x00000000080089f4                pxPortInitialiseStack
 .text.prvTaskExitError
                0x0000000008008a5c       0x58 Middlewares/Third_Party/FreeRTOS/Source/portable/GCC/ARM_CM4F/port.o
 *fill*         0x0000000008008ab4        0xc 
 .text.SVC_Handler
                0x0000000008008ac0       0x28 Middlewares/Third_Party/FreeRTOS/Source/portable/GCC/ARM_CM4F/port.o
                0x0000000008008ac0                SVC_Handler
 .text.prvPortStartFirstTask
                0x0000000008008ae8       0x28 Middlewares/Third_Party/FreeRTOS/Source/portable/GCC/ARM_CM4F/port.o
 .text.xPortStartScheduler
                0x0000000008008b10      0x144 Middlewares/Third_Party/FreeRTOS/Source/portable/GCC/ARM_CM4F/port.o
                0x0000000008008b10                xPortStartScheduler
 .text.vPortEnterCritical
                0x0000000008008c54       0x60 Middlewares/Third_Party/FreeRTOS/Source/portable/GCC/ARM_CM4F/port.o
                0x0000000008008c54                vPortEnterCritical
 .text.vPortExitCritical
                0x0000000008008cb4       0x54 Middlewares/Third_Party/FreeRTOS/Source/portable/GCC/ARM_CM4F/port.o
                0x0000000008008cb4                vPortExitCritical
 *fill*         0x0000000008008d08        0x8 
 .text.PendSV_Handler
                0x0000000008008d10       0x68 Middlewares/Third_Party/FreeRTOS/Source/portable/GCC/ARM_CM4F/port.o
                0x0000000008008d10                PendSV_Handler
 .text.SysTick_Handler
                0x0000000008008d78       0x44 Middlewares/Third_Party/FreeRTOS/Source/portable/GCC/ARM_CM4F/port.o
                0x0000000008008d78                SysTick_Handler
 .text.vPortSetupTimerInterrupt
                0x0000000008008dbc       0x48 Middlewares/Third_Party/FreeRTOS/Source/portable/GCC/ARM_CM4F/port.o
                0x0000000008008dbc                vPortSetupTimerInterrupt
 .text.vPortEnableVFP
                0x0000000008008e04       0x14 Middlewares/Third_Party/FreeRTOS/Source/portable/GCC/ARM_CM4F/port.o
 .text.vPortValidateInterruptPriority
                0x0000000008008e18       0x80 Middlewares/Third_Party/FreeRTOS/Source/portable/GCC/ARM_CM4F/port.o
                0x0000000008008e18                vPortValidateInterruptPriority
 .text.pvPortMalloc
                0x0000000008008e98      0x198 Middlewares/Third_Party/FreeRTOS/Source/portable/MemMang/heap_4.o
                0x0000000008008e98                pvPortMalloc
 .text.vPortFree
                0x0000000008009030       0xc4 Middlewares/Third_Party/FreeRTOS/Source/portable/MemMang/heap_4.o
                0x0000000008009030                vPortFree
 .text.prvHeapInit
                0x00000000080090f4       0xc4 Middlewares/Third_Party/FreeRTOS/Source/portable/MemMang/heap_4.o
 .text.prvInsertBlockIntoFreeList
                0x00000000080091b8       0xb4 Middlewares/Third_Party/FreeRTOS/Source/portable/MemMang/heap_4.o
 .text.__errno  0x000000000800926c        0xc c:/st/stm32cubeide_1.6.1/stm32cubeide/plugins/com.st.stm32cube.ide.mcu.externaltools.gnu-tools-for-stm32.9-2020-q2-update.win32_1.5.0.202011040924/tools/bin/../lib/gcc/arm-none-eabi/9.3.1/../../../../arm-none-eabi/lib/thumb/v7e-m+fp/hard\libc_nano.a(lib_a-errno.o)
                0x000000000800926c                __errno
 .text.std      0x0000000008009278       0x48 c:/st/stm32cubeide_1.6.1/stm32cubeide/plugins/com.st.stm32cube.ide.mcu.externaltools.gnu-tools-for-stm32.9-2020-q2-update.win32_1.5.0.202011040924/tools/bin/../lib/gcc/arm-none-eabi/9.3.1/../../../../arm-none-eabi/lib/thumb/v7e-m+fp/hard\libc_nano.a(lib_a-findfp.o)
 .text._cleanup_r
                0x00000000080092c0        0xc c:/st/stm32cubeide_1.6.1/stm32cubeide/plugins/com.st.stm32cube.ide.mcu.externaltools.gnu-tools-for-stm32.9-2020-q2-update.win32_1.5.0.202011040924/tools/bin/../lib/gcc/arm-none-eabi/9.3.1/../../../../arm-none-eabi/lib/thumb/v7e-m+fp/hard\libc_nano.a(lib_a-findfp.o)
                0x00000000080092c0                _cleanup_r
 .text.__sfmoreglue
                0x00000000080092cc       0x2c c:/st/stm32cubeide_1.6.1/stm32cubeide/plugins/com.st.stm32cube.ide.mcu.externaltools.gnu-tools-for-stm32.9-2020-q2-update.win32_1.5.0.202011040924/tools/bin/../lib/gcc/arm-none-eabi/9.3.1/../../../../arm-none-eabi/lib/thumb/v7e-m+fp/hard\libc_nano.a(lib_a-findfp.o)
                0x00000000080092cc                __sfmoreglue
 .text.__sfp_lock_acquire
                0x00000000080092f8        0xc c:/st/stm32cubeide_1.6.1/stm32cubeide/plugins/com.st.stm32cube.ide.mcu.externaltools.gnu-tools-for-stm32.9-2020-q2-update.win32_1.5.0.202011040924/tools/bin/../lib/gcc/arm-none-eabi/9.3.1/../../../../arm-none-eabi/lib/thumb/v7e-m+fp/hard\libc_nano.a(lib_a-findfp.o)
                0x00000000080092f8                __sfp_lock_acquire
 .text.__sfp_lock_release
                0x0000000008009304        0xc c:/st/stm32cubeide_1.6.1/stm32cubeide/plugins/com.st.stm32cube.ide.mcu.externaltools.gnu-tools-for-stm32.9-2020-q2-update.win32_1.5.0.202011040924/tools/bin/../lib/gcc/arm-none-eabi/9.3.1/../../../../arm-none-eabi/lib/thumb/v7e-m+fp/hard\libc_nano.a(lib_a-findfp.o)
                0x0000000008009304                __sfp_lock_release
 .text.__sinit_lock_acquire
                0x0000000008009310        0xc c:/st/stm32cubeide_1.6.1/stm32cubeide/plugins/com.st.stm32cube.ide.mcu.externaltools.gnu-tools-for-stm32.9-2020-q2-update.win32_1.5.0.202011040924/tools/bin/../lib/gcc/arm-none-eabi/9.3.1/../../../../arm-none-eabi/lib/thumb/v7e-m+fp/hard\libc_nano.a(lib_a-findfp.o)
                0x0000000008009310                __sinit_lock_acquire
 .text.__sinit_lock_release
                0x000000000800931c        0xc c:/st/stm32cubeide_1.6.1/stm32cubeide/plugins/com.st.stm32cube.ide.mcu.externaltools.gnu-tools-for-stm32.9-2020-q2-update.win32_1.5.0.202011040924/tools/bin/../lib/gcc/arm-none-eabi/9.3.1/../../../../arm-none-eabi/lib/thumb/v7e-m+fp/hard\libc_nano.a(lib_a-findfp.o)
                0x000000000800931c                __sinit_lock_release
 .text.__sinit  0x0000000008009328       0x70 c:/st/stm32cubeide_1.6.1/stm32cubeide/plugins/com.st.stm32cube.ide.mcu.externaltools.gnu-tools-for-stm32.9-2020-q2-update.win32_1.5.0.202011040924/tools/bin/../lib/gcc/arm-none-eabi/9.3.1/../../../../arm-none-eabi/lib/thumb/v7e-m+fp/hard\libc_nano.a(lib_a-findfp.o)
                0x0000000008009328                __sinit
 .text.__sfp    0x0000000008009398       0x8c c:/st/stm32cubeide_1.6.1/stm32cubeide/plugins/com.st.stm32cube.ide.mcu.externaltools.gnu-tools-for-stm32.9-2020-q2-update.win32_1.5.0.202011040924/tools/bin/../lib/gcc/arm-none-eabi/9.3.1/../../../../arm-none-eabi/lib/thumb/v7e-m+fp/hard\libc_nano.a(lib_a-findfp.o)
                0x0000000008009398                __sfp
 .text._fwalk_reent
                0x0000000008009424       0x3e c:/st/stm32cubeide_1.6.1/stm32cubeide/plugins/com.st.stm32cube.ide.mcu.externaltools.gnu-tools-for-stm32.9-2020-q2-update.win32_1.5.0.202011040924/tools/bin/../lib/gcc/arm-none-eabi/9.3.1/../../../../arm-none-eabi/lib/thumb/v7e-m+fp/hard\libc_nano.a(lib_a-fwalk.o)
                0x0000000008009424                _fwalk_reent
 *fill*         0x0000000008009462        0x2 
 .text.__libc_init_array
                0x0000000008009464       0x48 c:/st/stm32cubeide_1.6.1/stm32cubeide/plugins/com.st.stm32cube.ide.mcu.externaltools.gnu-tools-for-stm32.9-2020-q2-update.win32_1.5.0.202011040924/tools/bin/../lib/gcc/arm-none-eabi/9.3.1/../../../../arm-none-eabi/lib/thumb/v7e-m+fp/hard\libc_nano.a(lib_a-init.o)
                0x0000000008009464                __libc_init_array
 .text.__retarget_lock_init_recursive
                0x00000000080094ac        0x2 c:/st/stm32cubeide_1.6.1/stm32cubeide/plugins/com.st.stm32cube.ide.mcu.externaltools.gnu-tools-for-stm32.9-2020-q2-update.win32_1.5.0.202011040924/tools/bin/../lib/gcc/arm-none-eabi/9.3.1/../../../../arm-none-eabi/lib/thumb/v7e-m+fp/hard\libc_nano.a(lib_a-lock.o)
                0x00000000080094ac                __retarget_lock_init_recursive
 .text.__retarget_lock_acquire_recursive
                0x00000000080094ae        0x2 c:/st/stm32cubeide_1.6.1/stm32cubeide/plugins/com.st.stm32cube.ide.mcu.externaltools.gnu-tools-for-stm32.9-2020-q2-update.win32_1.5.0.202011040924/tools/bin/../lib/gcc/arm-none-eabi/9.3.1/../../../../arm-none-eabi/lib/thumb/v7e-m+fp/hard\libc_nano.a(lib_a-lock.o)
                0x00000000080094ae                __retarget_lock_acquire_recursive
 .text.__retarget_lock_release_recursive
                0x00000000080094b0        0x2 c:/st/stm32cubeide_1.6.1/stm32cubeide/plugins/com.st.stm32cube.ide.mcu.externaltools.gnu-tools-for-stm32.9-2020-q2-update.win32_1.5.0.202011040924/tools/bin/../lib/gcc/arm-none-eabi/9.3.1/../../../../arm-none-eabi/lib/thumb/v7e-m+fp/hard\libc_nano.a(lib_a-lock.o)
                0x00000000080094b0                __retarget_lock_release_recursive
 .text.memcpy   0x00000000080094b2       0x1c c:/st/stm32cubeide_1.6.1/stm32cubeide/plugins/com.st.stm32cube.ide.mcu.externaltools.gnu-tools-for-stm32.9-2020-q2-update.win32_1.5.0.202011040924/tools/bin/../lib/gcc/arm-none-eabi/9.3.1/../../../../arm-none-eabi/lib/thumb/v7e-m+fp/hard\libc_nano.a(lib_a-memcpy-stub.o)
                0x00000000080094b2                memcpy
 .text.memset   0x00000000080094ce       0x10 c:/st/stm32cubeide_1.6.1/stm32cubeide/plugins/com.st.stm32cube.ide.mcu.externaltools.gnu-tools-for-stm32.9-2020-q2-update.win32_1.5.0.202011040924/tools/bin/../lib/gcc/arm-none-eabi/9.3.1/../../../../arm-none-eabi/lib/thumb/v7e-m+fp/hard\libc_nano.a(lib_a-memset.o)
                0x00000000080094ce                memset
 *fill*         0x00000000080094de        0x2 
 .text._malloc_r
                0x00000000080094e0       0xb4 c:/st/stm32cubeide_1.6.1/stm32cubeide/plugins/com.st.stm32cube.ide.mcu.externaltools.gnu-tools-for-stm32.9-2020-q2-update.win32_1.5.0.202011040924/tools/bin/../lib/gcc/arm-none-eabi/9.3.1/../../../../arm-none-eabi/lib/thumb/v7e-m+fp/hard\libc_nano.a(lib_a-nano-mallocr.o)
                0x00000000080094e0                _malloc_r
 .text.__cvt    0x0000000008009594       0xc4 c:/st/stm32cubeide_1.6.1/stm32cubeide/plugins/com.st.stm32cube.ide.mcu.externaltools.gnu-tools-for-stm32.9-2020-q2-update.win32_1.5.0.202011040924/tools/bin/../lib/gcc/arm-none-eabi/9.3.1/../../../../arm-none-eabi/lib/thumb/v7e-m+fp/hard\libc_nano.a(lib_a-nano-vfprintf_float.o)
                0x0000000008009594                __cvt
 .text.__exponent
                0x0000000008009658       0x7c c:/st/stm32cubeide_1.6.1/stm32cubeide/plugins/com.st.stm32cube.ide.mcu.externaltools.gnu-tools-for-stm32.9-2020-q2-update.win32_1.5.0.202011040924/tools/bin/../lib/gcc/arm-none-eabi/9.3.1/../../../../arm-none-eabi/lib/thumb/v7e-m+fp/hard\libc_nano.a(lib_a-nano-vfprintf_float.o)
                0x0000000008009658                __exponent
 .text._printf_float
                0x00000000080096d4      0x46c c:/st/stm32cubeide_1.6.1/stm32cubeide/plugins/com.st.stm32cube.ide.mcu.externaltools.gnu-tools-for-stm32.9-2020-q2-update.win32_1.5.0.202011040924/tools/bin/../lib/gcc/arm-none-eabi/9.3.1/../../../../arm-none-eabi/lib/thumb/v7e-m+fp/hard\libc_nano.a(lib_a-nano-vfprintf_float.o)
                0x00000000080096d4                _printf_float
 .text._printf_common
                0x0000000008009b40       0xda c:/st/stm32cubeide_1.6.1/stm32cubeide/plugins/com.st.stm32cube.ide.mcu.externaltools.gnu-tools-for-stm32.9-2020-q2-update.win32_1.5.0.202011040924/tools/bin/../lib/gcc/arm-none-eabi/9.3.1/../../../../arm-none-eabi/lib/thumb/v7e-m+fp/hard\libc_nano.a(lib_a-nano-vfprintf_i.o)
                0x0000000008009b40                _printf_common
 *fill*         0x0000000008009c1a        0x2 
 .text._printf_i
                0x0000000008009c1c      0x24c c:/st/stm32cubeide_1.6.1/stm32cubeide/plugins/com.st.stm32cube.ide.mcu.externaltools.gnu-tools-for-stm32.9-2020-q2-update.win32_1.5.0.202011040924/tools/bin/../lib/gcc/arm-none-eabi/9.3.1/../../../../arm-none-eabi/lib/thumb/v7e-m+fp/hard\libc_nano.a(lib_a-nano-vfprintf_i.o)
                0x0000000008009c1c                _printf_i
 .text.cleanup_glue
                0x0000000008009e68       0x1a c:/st/stm32cubeide_1.6.1/stm32cubeide/plugins/com.st.stm32cube.ide.mcu.externaltools.gnu-tools-for-stm32.9-2020-q2-update.win32_1.5.0.202011040924/tools/bin/../lib/gcc/arm-none-eabi/9.3.1/../../../../arm-none-eabi/lib/thumb/v7e-m+fp/hard\libc_nano.a(lib_a-reent.o)
                0x0000000008009e68                cleanup_glue
 *fill*         0x0000000008009e82        0x2 
 .text._reclaim_reent
                0x0000000008009e84       0xb8 c:/st/stm32cubeide_1.6.1/stm32cubeide/plugins/com.st.stm32cube.ide.mcu.externaltools.gnu-tools-for-stm32.9-2020-q2-update.win32_1.5.0.202011040924/tools/bin/../lib/gcc/arm-none-eabi/9.3.1/../../../../arm-none-eabi/lib/thumb/v7e-m+fp/hard\libc_nano.a(lib_a-reent.o)
                0x0000000008009e84                _reclaim_reent
 .text._sbrk_r  0x0000000008009f3c       0x20 c:/st/stm32cubeide_1.6.1/stm32cubeide/plugins/com.st.stm32cube.ide.mcu.externaltools.gnu-tools-for-stm32.9-2020-q2-update.win32_1.5.0.202011040924/tools/bin/../lib/gcc/arm-none-eabi/9.3.1/../../../../arm-none-eabi/lib/thumb/v7e-m+fp/hard\libc_nano.a(lib_a-sbrkr.o)
                0x0000000008009f3c                _sbrk_r
 .text.snprintf
                0x0000000008009f5c       0x68 c:/st/stm32cubeide_1.6.1/stm32cubeide/plugins/com.st.stm32cube.ide.mcu.externaltools.gnu-tools-for-stm32.9-2020-q2-update.win32_1.5.0.202011040924/tools/bin/../lib/gcc/arm-none-eabi/9.3.1/../../../../arm-none-eabi/lib/thumb/v7e-m+fp/hard\libc_nano.a(lib_a-snprintf.o)
                0x0000000008009f5c                sniprintf
                0x0000000008009f5c                snprintf
 .text.__sread  0x0000000008009fc4       0x22 c:/st/stm32cubeide_1.6.1/stm32cubeide/plugins/com.st.stm32cube.ide.mcu.externaltools.gnu-tools-for-stm32.9-2020-q2-update.win32_1.5.0.202011040924/tools/bin/../lib/gcc/arm-none-eabi/9.3.1/../../../../arm-none-eabi/lib/thumb/v7e-m+fp/hard\libc_nano.a(lib_a-stdio.o)
                0x0000000008009fc4                __sread
 .text.__swrite
                0x0000000008009fe6       0x38 c:/st/stm32cubeide_1.6.1/stm32cubeide/plugins/com.st.stm32cube.ide.mcu.externaltools.gnu-tools-for-stm32.9-2020-q2-update.win32_1.5.0.202011040924/tools/bin/../lib/gcc/arm-none-eabi/9.3.1/../../../../arm-none-eabi/lib/thumb/v7e-m+fp/hard\libc_nano.a(lib_a-stdio.o)
                0x0000000008009fe6                __swrite
 .text.__sseek  0x000000000800a01e       0x24 c:/st/stm32cubeide_1.6.1/stm32cubeide/plugins/com.st.stm32cube.ide.mcu.externaltools.gnu-tools-for-stm32.9-2020-q2-update.win32_1.5.0.202011040924/tools/bin/../lib/gcc/arm-none-eabi/9.3.1/../../../../arm-none-eabi/lib/thumb/v7e-m+fp/hard\libc_nano.a(lib_a-stdio.o)
                0x000000000800a01e                __sseek
 .text.__sclose
                0x000000000800a042        0x8 c:/st/stm32cubeide_1.6.1/stm32cubeide/plugins/com.st.stm32cube.ide.mcu.externaltools.gnu-tools-for-stm32.9-2020-q2-update.win32_1.5.0.202011040924/tools/bin/../lib/gcc/arm-none-eabi/9.3.1/../../../../arm-none-eabi/lib/thumb/v7e-m+fp/hard\libc_nano.a(lib_a-stdio.o)
                0x000000000800a042                __sclose
 *fill*         0x000000000800a04a        0x2 
 .text._write_r
                0x000000000800a04c       0x24 c:/st/stm32cubeide_1.6.1/stm32cubeide/plugins/com.st.stm32cube.ide.mcu.externaltools.gnu-tools-for-stm32.9-2020-q2-update.win32_1.5.0.202011040924/tools/bin/../lib/gcc/arm-none-eabi/9.3.1/../../../../arm-none-eabi/lib/thumb/v7e-m+fp/hard\libc_nano.a(lib_a-writer.o)
                0x000000000800a04c                _write_r
 .text._close_r
                0x000000000800a070       0x20 c:/st/stm32cubeide_1.6.1/stm32cubeide/plugins/com.st.stm32cube.ide.mcu.externaltools.gnu-tools-for-stm32.9-2020-q2-update.win32_1.5.0.202011040924/tools/bin/../lib/gcc/arm-none-eabi/9.3.1/../../../../arm-none-eabi/lib/thumb/v7e-m+fp/hard\libc_nano.a(lib_a-closer.o)
                0x000000000800a070                _close_r
 .text.quorem   0x000000000800a090      0x116 c:/st/stm32cubeide_1.6.1/stm32cubeide/plugins/com.st.stm32cube.ide.mcu.externaltools.gnu-tools-for-stm32.9-2020-q2-update.win32_1.5.0.202011040924/tools/bin/../lib/gcc/arm-none-eabi/9.3.1/../../../../arm-none-eabi/lib/thumb/v7e-m+fp/hard\libc_nano.a(lib_a-dtoa.o)
 *fill*         0x000000000800a1a6        0x2 
 .text._dtoa_r  0x000000000800a1a8      0xbd8 c:/st/stm32cubeide_1.6.1/stm32cubeide/plugins/com.st.stm32cube.ide.mcu.externaltools.gnu-tools-for-stm32.9-2020-q2-update.win32_1.5.0.202011040924/tools/bin/../lib/gcc/arm-none-eabi/9.3.1/../../../../arm-none-eabi/lib/thumb/v7e-m+fp/hard\libc_nano.a(lib_a-dtoa.o)
                0x000000000800a1a8                _dtoa_r
 .text.__sflush_r
                0x000000000800ad80      0x10c c:/st/stm32cubeide_1.6.1/stm32cubeide/plugins/com.st.stm32cube.ide.mcu.externaltools.gnu-tools-for-stm32.9-2020-q2-update.win32_1.5.0.202011040924/tools/bin/../lib/gcc/arm-none-eabi/9.3.1/../../../../arm-none-eabi/lib/thumb/v7e-m+fp/hard\libc_nano.a(lib_a-fflush.o)
                0x000000000800ad80                __sflush_r
 .text._fflush_r
                0x000000000800ae8c       0x78 c:/st/stm32cubeide_1.6.1/stm32cubeide/plugins/com.st.stm32cube.ide.mcu.externaltools.gnu-tools-for-stm32.9-2020-q2-update.win32_1.5.0.202011040924/tools/bin/../lib/gcc/arm-none-eabi/9.3.1/../../../../arm-none-eabi/lib/thumb/v7e-m+fp/hard\libc_nano.a(lib_a-fflush.o)
                0x000000000800ae8c                _fflush_r
 .text._localeconv_r
                0x000000000800af04        0x8 c:/st/stm32cubeide_1.6.1/stm32cubeide/plugins/com.st.stm32cube.ide.mcu.externaltools.gnu-tools-for-stm32.9-2020-q2-update.win32_1.5.0.202011040924/tools/bin/../lib/gcc/arm-none-eabi/9.3.1/../../../../arm-none-eabi/lib/thumb/v7e-m+fp/hard\libc_nano.a(lib_a-localeconv.o)
                0x000000000800af04                _localeconv_r
 .text._lseek_r
                0x000000000800af0c       0x24 c:/st/stm32cubeide_1.6.1/stm32cubeide/plugins/com.st.stm32cube.ide.mcu.externaltools.gnu-tools-for-stm32.9-2020-q2-update.win32_1.5.0.202011040924/tools/bin/../lib/gcc/arm-none-eabi/9.3.1/../../../../arm-none-eabi/lib/thumb/v7e-m+fp/hard\libc_nano.a(lib_a-lseekr.o)
                0x000000000800af0c                _lseek_r
 .text.malloc   0x000000000800af30       0x10 c:/st/stm32cubeide_1.6.1/stm32cubeide/plugins/com.st.stm32cube.ide.mcu.externaltools.gnu-tools-for-stm32.9-2020-q2-update.win32_1.5.0.202011040924/tools/bin/../lib/gcc/arm-none-eabi/9.3.1/../../../../arm-none-eabi/lib/thumb/v7e-m+fp/hard\libc_nano.a(lib_a-malloc.o)
                0x000000000800af30                malloc
 .text.__malloc_lock
                0x000000000800af40        0xc c:/st/stm32cubeide_1.6.1/stm32cubeide/plugins/com.st.stm32cube.ide.mcu.externaltools.gnu-tools-for-stm32.9-2020-q2-update.win32_1.5.0.202011040924/tools/bin/../lib/gcc/arm-none-eabi/9.3.1/../../../../arm-none-eabi/lib/thumb/v7e-m+fp/hard\libc_nano.a(lib_a-mlock.o)
                0x000000000800af40                __malloc_lock
 .text.__malloc_unlock
                0x000000000800af4c        0xc c:/st/stm32cubeide_1.6.1/stm32cubeide/plugins/com.st.stm32cube.ide.mcu.externaltools.gnu-tools-for-stm32.9-2020-q2-update.win32_1.5.0.202011040924/tools/bin/../lib/gcc/arm-none-eabi/9.3.1/../../../../arm-none-eabi/lib/thumb/v7e-m+fp/hard\libc_nano.a(lib_a-mlock.o)
                0x000000000800af4c                __malloc_unlock
 .text._Balloc  0x000000000800af58       0x80 c:/st/stm32cubeide_1.6.1/stm32cubeide/plugins/com.st.stm32cube.ide.mcu.externaltools.gnu-tools-for-stm32.9-2020-q2-update.win32_1.5.0.202011040924/tools/bin/../lib/gcc/arm-none-eabi/9.3.1/../../../../arm-none-eabi/lib/thumb/v7e-m+fp/hard\libc_nano.a(lib_a-mprec.o)
                0x000000000800af58                _Balloc
 .text._Bfree   0x000000000800afd8       0x44 c:/st/stm32cubeide_1.6.1/stm32cubeide/plugins/com.st.stm32cube.ide.mcu.externaltools.gnu-tools-for-stm32.9-2020-q2-update.win32_1.5.0.202011040924/tools/bin/../lib/gcc/arm-none-eabi/9.3.1/../../../../arm-none-eabi/lib/thumb/v7e-m+fp/hard\libc_nano.a(lib_a-mprec.o)
                0x000000000800afd8                _Bfree
 .text.__multadd
                0x000000000800b01c       0x94 c:/st/stm32cubeide_1.6.1/stm32cubeide/plugins/com.st.stm32cube.ide.mcu.externaltools.gnu-tools-for-stm32.9-2020-q2-update.win32_1.5.0.202011040924/tools/bin/../lib/gcc/arm-none-eabi/9.3.1/../../../../arm-none-eabi/lib/thumb/v7e-m+fp/hard\libc_nano.a(lib_a-mprec.o)
                0x000000000800b01c                __multadd
 .text.__hi0bits
                0x000000000800b0b0       0x40 c:/st/stm32cubeide_1.6.1/stm32cubeide/plugins/com.st.stm32cube.ide.mcu.externaltools.gnu-tools-for-stm32.9-2020-q2-update.win32_1.5.0.202011040924/tools/bin/../lib/gcc/arm-none-eabi/9.3.1/../../../../arm-none-eabi/lib/thumb/v7e-m+fp/hard\libc_nano.a(lib_a-mprec.o)
                0x000000000800b0b0                __hi0bits
 .text.__lo0bits
                0x000000000800b0f0       0x60 c:/st/stm32cubeide_1.6.1/stm32cubeide/plugins/com.st.stm32cube.ide.mcu.externaltools.gnu-tools-for-stm32.9-2020-q2-update.win32_1.5.0.202011040924/tools/bin/../lib/gcc/arm-none-eabi/9.3.1/../../../../arm-none-eabi/lib/thumb/v7e-m+fp/hard\libc_nano.a(lib_a-mprec.o)
                0x000000000800b0f0                __lo0bits
 .text.__i2b    0x000000000800b150       0x2c c:/st/stm32cubeide_1.6.1/stm32cubeide/plugins/com.st.stm32cube.ide.mcu.externaltools.gnu-tools-for-stm32.9-2020-q2-update.win32_1.5.0.202011040924/tools/bin/../lib/gcc/arm-none-eabi/9.3.1/../../../../arm-none-eabi/lib/thumb/v7e-m+fp/hard\libc_nano.a(lib_a-mprec.o)
                0x000000000800b150                __i2b
 .text.__multiply
                0x000000000800b17c      0x14c c:/st/stm32cubeide_1.6.1/stm32cubeide/plugins/com.st.stm32cube.ide.mcu.externaltools.gnu-tools-for-stm32.9-2020-q2-update.win32_1.5.0.202011040924/tools/bin/../lib/gcc/arm-none-eabi/9.3.1/../../../../arm-none-eabi/lib/thumb/v7e-m+fp/hard\libc_nano.a(lib_a-mprec.o)
                0x000000000800b17c                __multiply
 .text.__pow5mult
                0x000000000800b2c8       0xb4 c:/st/stm32cubeide_1.6.1/stm32cubeide/plugins/com.st.stm32cube.ide.mcu.externaltools.gnu-tools-for-stm32.9-2020-q2-update.win32_1.5.0.202011040924/tools/bin/../lib/gcc/arm-none-eabi/9.3.1/../../../../arm-none-eabi/lib/thumb/v7e-m+fp/hard\libc_nano.a(lib_a-mprec.o)
                0x000000000800b2c8                __pow5mult
 .text.__lshift
                0x000000000800b37c       0xd8 c:/st/stm32cubeide_1.6.1/stm32cubeide/plugins/com.st.stm32cube.ide.mcu.externaltools.gnu-tools-for-stm32.9-2020-q2-update.win32_1.5.0.202011040924/tools/bin/../lib/gcc/arm-none-eabi/9.3.1/../../../../arm-none-eabi/lib/thumb/v7e-m+fp/hard\libc_nano.a(lib_a-mprec.o)
                0x000000000800b37c                __lshift
 .text.__mcmp   0x000000000800b454       0x38 c:/st/stm32cubeide_1.6.1/stm32cubeide/plugins/com.st.stm32cube.ide.mcu.externaltools.gnu-tools-for-stm32.9-2020-q2-update.win32_1.5.0.202011040924/tools/bin/../lib/gcc/arm-none-eabi/9.3.1/../../../../arm-none-eabi/lib/thumb/v7e-m+fp/hard\libc_nano.a(lib_a-mprec.o)
                0x000000000800b454                __mcmp
 .text.__mdiff  0x000000000800b48c      0x110 c:/st/stm32cubeide_1.6.1/stm32cubeide/plugins/com.st.stm32cube.ide.mcu.externaltools.gnu-tools-for-stm32.9-2020-q2-update.win32_1.5.0.202011040924/tools/bin/../lib/gcc/arm-none-eabi/9.3.1/../../../../arm-none-eabi/lib/thumb/v7e-m+fp/hard\libc_nano.a(lib_a-mprec.o)
                0x000000000800b48c                __mdiff
 .text.__d2b    0x000000000800b59c       0xb8 c:/st/stm32cubeide_1.6.1/stm32cubeide/plugins/com.st.stm32cube.ide.mcu.externaltools.gnu-tools-for-stm32.9-2020-q2-update.win32_1.5.0.202011040924/tools/bin/../lib/gcc/arm-none-eabi/9.3.1/../../../../arm-none-eabi/lib/thumb/v7e-m+fp/hard\libc_nano.a(lib_a-mprec.o)
                0x000000000800b59c                __d2b
 .text._calloc_r
                0x000000000800b654       0x1e c:/st/stm32cubeide_1.6.1/stm32cubeide/plugins/com.st.stm32cube.ide.mcu.externaltools.gnu-tools-for-stm32.9-2020-q2-update.win32_1.5.0.202011040924/tools/bin/../lib/gcc/arm-none-eabi/9.3.1/../../../../arm-none-eabi/lib/thumb/v7e-m+fp/hard\libc_nano.a(lib_a-nano-callocr.o)
                0x000000000800b654                _calloc_r
 *fill*         0x000000000800b672        0x2 
 .text._free_r  0x000000000800b674       0xa0 c:/st/stm32cubeide_1.6.1/stm32cubeide/plugins/com.st.stm32cube.ide.mcu.externaltools.gnu-tools-for-stm32.9-2020-q2-update.win32_1.5.0.202011040924/tools/bin/../lib/gcc/arm-none-eabi/9.3.1/../../../../arm-none-eabi/lib/thumb/v7e-m+fp/hard\libc_nano.a(lib_a-nano-freer.o)
                0x000000000800b674                _free_r
 .text.__ssputs_r
                0x000000000800b714       0xb6 c:/st/stm32cubeide_1.6.1/stm32cubeide/plugins/com.st.stm32cube.ide.mcu.externaltools.gnu-tools-for-stm32.9-2020-q2-update.win32_1.5.0.202011040924/tools/bin/../lib/gcc/arm-none-eabi/9.3.1/../../../../arm-none-eabi/lib/thumb/v7e-m+fp/hard\libc_nano.a(lib_a-nano-svfprintf.o)
                0x000000000800b714                __ssputs_r
 *fill*         0x000000000800b7ca        0x2 
 .text._svfprintf_r
                0x000000000800b7cc      0x200 c:/st/stm32cubeide_1.6.1/stm32cubeide/plugins/com.st.stm32cube.ide.mcu.externaltools.gnu-tools-for-stm32.9-2020-q2-update.win32_1.5.0.202011040924/tools/bin/../lib/gcc/arm-none-eabi/9.3.1/../../../../arm-none-eabi/lib/thumb/v7e-m+fp/hard\libc_nano.a(lib_a-nano-svfprintf.o)
                0x000000000800b7cc                _svfiprintf_r
                0x000000000800b7cc                _svfprintf_r
 .text._read_r  0x000000000800b9cc       0x24 c:/st/stm32cubeide_1.6.1/stm32cubeide/plugins/com.st.stm32cube.ide.mcu.externaltools.gnu-tools-for-stm32.9-2020-q2-update.win32_1.5.0.202011040924/tools/bin/../lib/gcc/arm-none-eabi/9.3.1/../../../../arm-none-eabi/lib/thumb/v7e-m+fp/hard\libc_nano.a(lib_a-readr.o)
                0x000000000800b9cc                _read_r
 .text.__assert_func
                0x000000000800b9f0       0x3c c:/st/stm32cubeide_1.6.1/stm32cubeide/plugins/com.st.stm32cube.ide.mcu.externaltools.gnu-tools-for-stm32.9-2020-q2-update.win32_1.5.0.202011040924/tools/bin/../lib/gcc/arm-none-eabi/9.3.1/../../../../arm-none-eabi/lib/thumb/v7e-m+fp/hard\libc_nano.a(lib_a-assert.o)
                0x000000000800b9f0                __assert_func
 .text.fprintf  0x000000000800ba2c       0x24 c:/st/stm32cubeide_1.6.1/stm32cubeide/plugins/com.st.stm32cube.ide.mcu.externaltools.gnu-tools-for-stm32.9-2020-q2-update.win32_1.5.0.202011040924/tools/bin/../lib/gcc/arm-none-eabi/9.3.1/../../../../arm-none-eabi/lib/thumb/v7e-m+fp/hard\libc_nano.a(lib_a-fprintf.o)
                0x000000000800ba2c                fiprintf
                0x000000000800ba2c                fprintf
 .text.__ascii_mbtowc
                0x000000000800ba50       0x24 c:/st/stm32cubeide_1.6.1/stm32cubeide/plugins/com.st.stm32cube.ide.mcu.externaltools.gnu-tools-for-stm32.9-2020-q2-update.win32_1.5.0.202011040924/tools/bin/../lib/gcc/arm-none-eabi/9.3.1/../../../../arm-none-eabi/lib/thumb/v7e-m+fp/hard\libc_nano.a(lib_a-mbtowc_r.o)
                0x000000000800ba50                __ascii_mbtowc
 .text.memmove  0x000000000800ba74       0x34 c:/st/stm32cubeide_1.6.1/stm32cubeide/plugins/com.st.stm32cube.ide.mcu.externaltools.gnu-tools-for-stm32.9-2020-q2-update.win32_1.5.0.202011040924/tools/bin/../lib/gcc/arm-none-eabi/9.3.1/../../../../arm-none-eabi/lib/thumb/v7e-m+fp/hard\libc_nano.a(lib_a-memmove.o)
                0x000000000800ba74                memmove
 .text._realloc_r
                0x000000000800baa8       0x4c c:/st/stm32cubeide_1.6.1/stm32cubeide/plugins/com.st.stm32cube.ide.mcu.externaltools.gnu-tools-for-stm32.9-2020-q2-update.win32_1.5.0.202011040924/tools/bin/../lib/gcc/arm-none-eabi/9.3.1/../../../../arm-none-eabi/lib/thumb/v7e-m+fp/hard\libc_nano.a(lib_a-nano-reallocr.o)
                0x000000000800baa8                _realloc_r
 .text.__sfputc_r
                0x000000000800baf4       0x2e c:/st/stm32cubeide_1.6.1/stm32cubeide/plugins/com.st.stm32cube.ide.mcu.externaltools.gnu-tools-for-stm32.9-2020-q2-update.win32_1.5.0.202011040924/tools/bin/../lib/gcc/arm-none-eabi/9.3.1/../../../../arm-none-eabi/lib/thumb/v7e-m+fp/hard\libc_nano.a(lib_a-nano-vfprintf.o)
 .text.__sfputs_r
                0x000000000800bb22       0x24 c:/st/stm32cubeide_1.6.1/stm32cubeide/plugins/com.st.stm32cube.ide.mcu.externaltools.gnu-tools-for-stm32.9-2020-q2-update.win32_1.5.0.202011040924/tools/bin/../lib/gcc/arm-none-eabi/9.3.1/../../../../arm-none-eabi/lib/thumb/v7e-m+fp/hard\libc_nano.a(lib_a-nano-vfprintf.o)
                0x000000000800bb22                __sfputs_r
 *fill*         0x000000000800bb46        0x2 
 .text._vfprintf_r
                0x000000000800bb48      0x260 c:/st/stm32cubeide_1.6.1/stm32cubeide/plugins/com.st.stm32cube.ide.mcu.externaltools.gnu-tools-for-stm32.9-2020-q2-update.win32_1.5.0.202011040924/tools/bin/../lib/gcc/arm-none-eabi/9.3.1/../../../../arm-none-eabi/lib/thumb/v7e-m+fp/hard\libc_nano.a(lib_a-nano-vfprintf.o)
                0x000000000800bb48                _vfprintf_r
                0x000000000800bb48                _vfiprintf_r
 .text.__swbuf_r
                0x000000000800bda8       0xa4 c:/st/stm32cubeide_1.6.1/stm32cubeide/plugins/com.st.stm32cube.ide.mcu.externaltools.gnu-tools-for-stm32.9-2020-q2-update.win32_1.5.0.202011040924/tools/bin/../lib/gcc/arm-none-eabi/9.3.1/../../../../arm-none-eabi/lib/thumb/v7e-m+fp/hard\libc_nano.a(lib_a-wbuf.o)
                0x000000000800bda8                __swbuf_r
 .text.__ascii_wctomb
                0x000000000800be4c       0x1a c:/st/stm32cubeide_1.6.1/stm32cubeide/plugins/com.st.stm32cube.ide.mcu.externaltools.gnu-tools-for-stm32.9-2020-q2-update.win32_1.5.0.202011040924/tools/bin/../lib/gcc/arm-none-eabi/9.3.1/../../../../arm-none-eabi/lib/thumb/v7e-m+fp/hard\libc_nano.a(lib_a-wctomb_r.o)
                0x000000000800be4c                __ascii_wctomb
 *fill*         0x000000000800be66        0x2 
 .text.__swsetup_r
                0x000000000800be68       0xdc c:/st/stm32cubeide_1.6.1/stm32cubeide/plugins/com.st.stm32cube.ide.mcu.externaltools.gnu-tools-for-stm32.9-2020-q2-update.win32_1.5.0.202011040924/tools/bin/../lib/gcc/arm-none-eabi/9.3.1/../../../../arm-none-eabi/lib/thumb/v7e-m+fp/hard\libc_nano.a(lib_a-wsetup.o)
                0x000000000800be68                __swsetup_r
 .text.abort    0x000000000800bf44        0xe c:/st/stm32cubeide_1.6.1/stm32cubeide/plugins/com.st.stm32cube.ide.mcu.externaltools.gnu-tools-for-stm32.9-2020-q2-update.win32_1.5.0.202011040924/tools/bin/../lib/gcc/arm-none-eabi/9.3.1/../../../../arm-none-eabi/lib/thumb/v7e-m+fp/hard\libc_nano.a(lib_a-abort.o)
                0x000000000800bf44                abort
 .text.__swhatbuf_r
                0x000000000800bf52       0x48 c:/st/stm32cubeide_1.6.1/stm32cubeide/plugins/com.st.stm32cube.ide.mcu.externaltools.gnu-tools-for-stm32.9-2020-q2-update.win32_1.5.0.202011040924/tools/bin/../lib/gcc/arm-none-eabi/9.3.1/../../../../arm-none-eabi/lib/thumb/v7e-m+fp/hard\libc_nano.a(lib_a-makebuf.o)
                0x000000000800bf52                __swhatbuf_r
 *fill*         0x000000000800bf9a        0x2 
 .text.__smakebuf_r
                0x000000000800bf9c       0x80 c:/st/stm32cubeide_1.6.1/stm32cubeide/plugins/com.st.stm32cube.ide.mcu.externaltools.gnu-tools-for-stm32.9-2020-q2-update.win32_1.5.0.202011040924/tools/bin/../lib/gcc/arm-none-eabi/9.3.1/../../../../arm-none-eabi/lib/thumb/v7e-m+fp/hard\libc_nano.a(lib_a-makebuf.o)
                0x000000000800bf9c                __smakebuf_r
 .text._malloc_usable_size_r
                0x000000000800c01c       0x10 c:/st/stm32cubeide_1.6.1/stm32cubeide/plugins/com.st.stm32cube.ide.mcu.externaltools.gnu-tools-for-stm32.9-2020-q2-update.win32_1.5.0.202011040924/tools/bin/../lib/gcc/arm-none-eabi/9.3.1/../../../../arm-none-eabi/lib/thumb/v7e-m+fp/hard\libc_nano.a(lib_a-nano-msizer.o)
                0x000000000800c01c                _malloc_usable_size_r
 .text._raise_r
                0x000000000800c02c       0x50 c:/st/stm32cubeide_1.6.1/stm32cubeide/plugins/com.st.stm32cube.ide.mcu.externaltools.gnu-tools-for-stm32.9-2020-q2-update.win32_1.5.0.202011040924/tools/bin/../lib/gcc/arm-none-eabi/9.3.1/../../../../arm-none-eabi/lib/thumb/v7e-m+fp/hard\libc_nano.a(lib_a-signal.o)
                0x000000000800c02c                _raise_r
 .text.raise    0x000000000800c07c       0x10 c:/st/stm32cubeide_1.6.1/stm32cubeide/plugins/com.st.stm32cube.ide.mcu.externaltools.gnu-tools-for-stm32.9-2020-q2-update.win32_1.5.0.202011040924/tools/bin/../lib/gcc/arm-none-eabi/9.3.1/../../../../arm-none-eabi/lib/thumb/v7e-m+fp/hard\libc_nano.a(lib_a-signal.o)
                0x000000000800c07c                raise
 .text._kill_r  0x000000000800c08c       0x24 c:/st/stm32cubeide_1.6.1/stm32cubeide/plugins/com.st.stm32cube.ide.mcu.externaltools.gnu-tools-for-stm32.9-2020-q2-update.win32_1.5.0.202011040924/tools/bin/../lib/gcc/arm-none-eabi/9.3.1/../../../../arm-none-eabi/lib/thumb/v7e-m+fp/hard\libc_nano.a(lib_a-signalr.o)
                0x000000000800c08c                _kill_r
 .text._getpid_r
                0x000000000800c0b0        0x4 c:/st/stm32cubeide_1.6.1/stm32cubeide/plugins/com.st.stm32cube.ide.mcu.externaltools.gnu-tools-for-stm32.9-2020-q2-update.win32_1.5.0.202011040924/tools/bin/../lib/gcc/arm-none-eabi/9.3.1/../../../../arm-none-eabi/lib/thumb/v7e-m+fp/hard\libc_nano.a(lib_a-signalr.o)
                0x000000000800c0b0                _getpid_r
 .text._fstat_r
                0x000000000800c0b4       0x24 c:/st/stm32cubeide_1.6.1/stm32cubeide/plugins/com.st.stm32cube.ide.mcu.externaltools.gnu-tools-for-stm32.9-2020-q2-update.win32_1.5.0.202011040924/tools/bin/../lib/gcc/arm-none-eabi/9.3.1/../../../../arm-none-eabi/lib/thumb/v7e-m+fp/hard\libc_nano.a(lib_a-fstatr.o)
                0x000000000800c0b4                _fstat_r
 .text._isatty_r
                0x000000000800c0d8       0x20 c:/st/stm32cubeide_1.6.1/stm32cubeide/plugins/com.st.stm32cube.ide.mcu.externaltools.gnu-tools-for-stm32.9-2020-q2-update.win32_1.5.0.202011040924/tools/bin/../lib/gcc/arm-none-eabi/9.3.1/../../../../arm-none-eabi/lib/thumb/v7e-m+fp/hard\libc_nano.a(lib_a-isattyr.o)
                0x000000000800c0d8                _isatty_r
 *(.glue_7)
 .glue_7        0x000000000800c0f8        0x0 linker stubs
 *(.glue_7t)
 .glue_7t       0x000000000800c0f8        0x0 linker stubs
 *(.eh_frame)
 .eh_frame      0x000000000800c0f8        0x0 c:/st/stm32cubeide_1.6.1/stm32cubeide/plugins/com.st.stm32cube.ide.mcu.externaltools.gnu-tools-for-stm32.9-2020-q2-update.win32_1.5.0.202011040924/tools/bin/../lib/gcc/arm-none-eabi/9.3.1/thumb/v7e-m+fp/hard/crtbegin.o
 *(.init)
 .init          0x000000000800c0f8        0x4 c:/st/stm32cubeide_1.6.1/stm32cubeide/plugins/com.st.stm32cube.ide.mcu.externaltools.gnu-tools-for-stm32.9-2020-q2-update.win32_1.5.0.202011040924/tools/bin/../lib/gcc/arm-none-eabi/9.3.1/thumb/v7e-m+fp/hard/crti.o
                0x000000000800c0f8                _init
 .init          0x000000000800c0fc        0x8 c:/st/stm32cubeide_1.6.1/stm32cubeide/plugins/com.st.stm32cube.ide.mcu.externaltools.gnu-tools-for-stm32.9-2020-q2-update.win32_1.5.0.202011040924/tools/bin/../lib/gcc/arm-none-eabi/9.3.1/thumb/v7e-m+fp/hard/crtn.o
 *(.fini)
 .fini          0x000000000800c104        0x4 c:/st/stm32cubeide_1.6.1/stm32cubeide/plugins/com.st.stm32cube.ide.mcu.externaltools.gnu-tools-for-stm32.9-2020-q2-update.win32_1.5.0.202011040924/tools/bin/../lib/gcc/arm-none-eabi/9.3.1/thumb/v7e-m+fp/hard/crti.o
                0x000000000800c104                _fini
 .fini          0x000000000800c108        0x8 c:/st/stm32cubeide_1.6.1/stm32cubeide/plugins/com.st.stm32cube.ide.mcu.externaltools.gnu-tools-for-stm32.9-2020-q2-update.win32_1.5.0.202011040924/tools/bin/../lib/gcc/arm-none-eabi/9.3.1/thumb/v7e-m+fp/hard/crtn.o
                0x000000000800c110                . = ALIGN (0x4)
                0x000000000800c110                _etext = .

.vfp11_veneer   0x000000000800c110        0x0
 .vfp11_veneer  0x000000000800c110        0x0 linker stubs

.v4_bx          0x000000000800c110        0x0
 .v4_bx         0x000000000800c110        0x0 linker stubs

.iplt           0x000000000800c110        0x0
 .iplt          0x000000000800c110        0x0 c:/st/stm32cubeide_1.6.1/stm32cubeide/plugins/com.st.stm32cube.ide.mcu.externaltools.gnu-tools-for-stm32.9-2020-q2-update.win32_1.5.0.202011040924/tools/bin/../lib/gcc/arm-none-eabi/9.3.1/thumb/v7e-m+fp/hard/crtbegin.o

.rodata         0x000000000800c110      0x6fc
                0x000000000800c110                . = ALIGN (0x4)
 *(.rodata)
 .rodata        0x000000000800c110       0x15 Core/Src/eeprom.o
 *fill*         0x000000000800c125        0x3 
 .rodata        0x000000000800c128      0x257 Core/Src/i2c-lcd.o
 *fill*         0x000000000800c37f        0x1 
 .rodata        0x000000000800c380       0x68 Core/Src/main.o
 .rodata        0x000000000800c3e8       0x1f Core/Src/utils.o
 *fill*         0x000000000800c407        0x1 
 .rodata        0x000000000800c408        0x5 Middlewares/Third_Party/FreeRTOS/Source/tasks.o
 *(.rodata*)
 .rodata.menu_size
                0x000000000800c40d        0x1 Core/Src/i2c-lcd.o
                0x000000000800c40d                menu_size
 .rodata.test_menu_size
                0x000000000800c40e        0x1 Core/Src/i2c-lcd.o
                0x000000000800c40e                test_menu_size
 .rodata.config_menu_sz
                0x000000000800c40f        0x1 Core/Src/i2c-lcd.o
                0x000000000800c40f                config_menu_sz
 .rodata.AHBPrescTable
                0x000000000800c410       0x10 Core/Src/system_stm32f4xx.o
                0x000000000800c410                AHBPrescTable
 .rodata.APBPrescTable
                0x000000000800c420        0x8 Core/Src/system_stm32f4xx.o
                0x000000000800c420                APBPrescTable
 .rodata.__sf_fake_stderr
                0x000000000800c428       0x20 c:/st/stm32cubeide_1.6.1/stm32cubeide/plugins/com.st.stm32cube.ide.mcu.externaltools.gnu-tools-for-stm32.9-2020-q2-update.win32_1.5.0.202011040924/tools/bin/../lib/gcc/arm-none-eabi/9.3.1/../../../../arm-none-eabi/lib/thumb/v7e-m+fp/hard\libc_nano.a(lib_a-findfp.o)
                0x000000000800c428                __sf_fake_stderr
 .rodata.__sf_fake_stdin
                0x000000000800c448       0x20 c:/st/stm32cubeide_1.6.1/stm32cubeide/plugins/com.st.stm32cube.ide.mcu.externaltools.gnu-tools-for-stm32.9-2020-q2-update.win32_1.5.0.202011040924/tools/bin/../lib/gcc/arm-none-eabi/9.3.1/../../../../arm-none-eabi/lib/thumb/v7e-m+fp/hard\libc_nano.a(lib_a-findfp.o)
                0x000000000800c448                __sf_fake_stdin
 .rodata.__sf_fake_stdout
                0x000000000800c468       0x20 c:/st/stm32cubeide_1.6.1/stm32cubeide/plugins/com.st.stm32cube.ide.mcu.externaltools.gnu-tools-for-stm32.9-2020-q2-update.win32_1.5.0.202011040924/tools/bin/../lib/gcc/arm-none-eabi/9.3.1/../../../../arm-none-eabi/lib/thumb/v7e-m+fp/hard\libc_nano.a(lib_a-findfp.o)
                0x000000000800c468                __sf_fake_stdout
 .rodata._global_impure_ptr
                0x000000000800c488        0x4 c:/st/stm32cubeide_1.6.1/stm32cubeide/plugins/com.st.stm32cube.ide.mcu.externaltools.gnu-tools-for-stm32.9-2020-q2-update.win32_1.5.0.202011040924/tools/bin/../lib/gcc/arm-none-eabi/9.3.1/../../../../arm-none-eabi/lib/thumb/v7e-m+fp/hard\libc_nano.a(lib_a-impure.o)
                0x000000000800c488                _global_impure_ptr
 .rodata._printf_float.str1.1
                0x000000000800c48c       0x12 c:/st/stm32cubeide_1.6.1/stm32cubeide/plugins/com.st.stm32cube.ide.mcu.externaltools.gnu-tools-for-stm32.9-2020-q2-update.win32_1.5.0.202011040924/tools/bin/../lib/gcc/arm-none-eabi/9.3.1/../../../../arm-none-eabi/lib/thumb/v7e-m+fp/hard\libc_nano.a(lib_a-nano-vfprintf_float.o)
 .rodata._printf_i.str1.1
                0x000000000800c49e       0x22 c:/st/stm32cubeide_1.6.1/stm32cubeide/plugins/com.st.stm32cube.ide.mcu.externaltools.gnu-tools-for-stm32.9-2020-q2-update.win32_1.5.0.202011040924/tools/bin/../lib/gcc/arm-none-eabi/9.3.1/../../../../arm-none-eabi/lib/thumb/v7e-m+fp/hard\libc_nano.a(lib_a-nano-vfprintf_i.o)
 .rodata._dtoa_r.str1.1
                0x000000000800c4c0       0x94 c:/st/stm32cubeide_1.6.1/stm32cubeide/plugins/com.st.stm32cube.ide.mcu.externaltools.gnu-tools-for-stm32.9-2020-q2-update.win32_1.5.0.202011040924/tools/bin/../lib/gcc/arm-none-eabi/9.3.1/../../../../arm-none-eabi/lib/thumb/v7e-m+fp/hard\libc_nano.a(lib_a-dtoa.o)
                                         0x96 (size before relaxing)
 .rodata._Balloc.str1.1
                0x000000000800c554       0x60 c:/st/stm32cubeide_1.6.1/stm32cubeide/plugins/com.st.stm32cube.ide.mcu.externaltools.gnu-tools-for-stm32.9-2020-q2-update.win32_1.5.0.202011040924/tools/bin/../lib/gcc/arm-none-eabi/9.3.1/../../../../arm-none-eabi/lib/thumb/v7e-m+fp/hard\libc_nano.a(lib_a-mprec.o)
                                         0x77 (size before relaxing)
 .rodata.__multadd.str1.1
                0x000000000800c5b4       0x11 c:/st/stm32cubeide_1.6.1/stm32cubeide/plugins/com.st.stm32cube.ide.mcu.externaltools.gnu-tools-for-stm32.9-2020-q2-update.win32_1.5.0.202011040924/tools/bin/../lib/gcc/arm-none-eabi/9.3.1/../../../../arm-none-eabi/lib/thumb/v7e-m+fp/hard\libc_nano.a(lib_a-mprec.o)
 *fill*         0x000000000800c5b4        0x4 
 .rodata.__mprec_bigtens
                0x000000000800c5b8       0x28 c:/st/stm32cubeide_1.6.1/stm32cubeide/plugins/com.st.stm32cube.ide.mcu.externaltools.gnu-tools-for-stm32.9-2020-q2-update.win32_1.5.0.202011040924/tools/bin/../lib/gcc/arm-none-eabi/9.3.1/../../../../arm-none-eabi/lib/thumb/v7e-m+fp/hard\libc_nano.a(lib_a-mprec.o)
                0x000000000800c5b8                __mprec_bigtens
 .rodata.__mprec_tens