rele.c:11:6:RELES_Init	8	static
rele.c:19:6:RELES_EncenderTodos	8	static
rele.c:31:6:RELES_ApagarTodos	8	static
rele.c:43:6:RELES_ToggleTodos	8	static
rele.c:55:6:encender_buzzer	8	static
rele.c:60:6:apagar_buzzer	8	static
rele.c:65:9:estado_buzzer	4	static
rele.c:69:6:encender_humidificador	8	static
rele.c:74:6:apagar_humidificador	8	static
rele.c:79:9:estado_humidificador	4	static
rele.c:83:6:encender_lampara	8	static
rele.c:88:6:apagar_lampara	8	static
rele.c:93:9:estado_lampara	4	static
rele.c:97:6:encender_cooler	8	static
rele.c:103:6:apagar_cooler	8	static
rele.c:108:9:estado_cooler	4	static
